Archive member included to satisfy reference by file (symbol)

C:/ST/STM32CubeIDE_1.14.0/STM32CubeIDE/plugins/com.st.stm32cube.ide.mcu.externaltools.gnu-tools-for-stm32.11.3.rel1.win32_1.1.100.202309141235/tools/bin/../lib/gcc/arm-none-eabi/11.3.1/../../../../arm-none-eabi/lib/thumb/v7-m/nofp\libc_nano.a(libc_a-exit.o)
                              C:/ST/STM32CubeIDE_1.14.0/STM32CubeIDE/plugins/com.st.stm32cube.ide.mcu.externaltools.gnu-tools-for-stm32.11.3.rel1.win32_1.1.100.202309141235/tools/bin/../lib/gcc/arm-none-eabi/11.3.1/../../../../arm-none-eabi/lib/thumb/v7-m/nofp/crt0.o (exit)
C:/ST/STM32CubeIDE_1.14.0/STM32CubeIDE/plugins/com.st.stm32cube.ide.mcu.externaltools.gnu-tools-for-stm32.11.3.rel1.win32_1.1.100.202309141235/tools/bin/../lib/gcc/arm-none-eabi/11.3.1/../../../../arm-none-eabi/lib/thumb/v7-m/nofp\libc_nano.a(libc_a-findfp.o)
                              ./Middlewares/Third_Party/FreeRTOS/Source/tasks.o (__sf)
C:/ST/STM32CubeIDE_1.14.0/STM32CubeIDE/plugins/com.st.stm32cube.ide.mcu.externaltools.gnu-tools-for-stm32.11.3.rel1.win32_1.1.100.202309141235/tools/bin/../lib/gcc/arm-none-eabi/11.3.1/../../../../arm-none-eabi/lib/thumb/v7-m/nofp\libc_nano.a(libc_a-fwalk.o)
                              C:/ST/STM32CubeIDE_1.14.0/STM32CubeIDE/plugins/com.st.stm32cube.ide.mcu.externaltools.gnu-tools-for-stm32.11.3.rel1.win32_1.1.100.202309141235/tools/bin/../lib/gcc/arm-none-eabi/11.3.1/../../../../arm-none-eabi/lib/thumb/v7-m/nofp\libc_nano.a(libc_a-findfp.o) (_fwalk_sglue)
C:/ST/STM32CubeIDE_1.14.0/STM32CubeIDE/plugins/com.st.stm32cube.ide.mcu.externaltools.gnu-tools-for-stm32.11.3.rel1.win32_1.1.100.202309141235/tools/bin/../lib/gcc/arm-none-eabi/11.3.1/../../../../arm-none-eabi/lib/thumb/v7-m/nofp\libc_nano.a(libc_a-puts.o)
                              ./Core/Src/inverse_kinematics.o (puts)
C:/ST/STM32CubeIDE_1.14.0/STM32CubeIDE/plugins/com.st.stm32cube.ide.mcu.externaltools.gnu-tools-for-stm32.11.3.rel1.win32_1.1.100.202309141235/tools/bin/../lib/gcc/arm-none-eabi/11.3.1/../../../../arm-none-eabi/lib/thumb/v7-m/nofp\libc_nano.a(libc_a-stdio.o)
                              C:/ST/STM32CubeIDE_1.14.0/STM32CubeIDE/plugins/com.st.stm32cube.ide.mcu.externaltools.gnu-tools-for-stm32.11.3.rel1.win32_1.1.100.202309141235/tools/bin/../lib/gcc/arm-none-eabi/11.3.1/../../../../arm-none-eabi/lib/thumb/v7-m/nofp\libc_nano.a(libc_a-findfp.o) (__sread)
C:/ST/STM32CubeIDE_1.14.0/STM32CubeIDE/plugins/com.st.stm32cube.ide.mcu.externaltools.gnu-tools-for-stm32.11.3.rel1.win32_1.1.100.202309141235/tools/bin/../lib/gcc/arm-none-eabi/11.3.1/../../../../arm-none-eabi/lib/thumb/v7-m/nofp\libc_nano.a(libc_a-wbuf.o)
                              C:/ST/STM32CubeIDE_1.14.0/STM32CubeIDE/plugins/com.st.stm32cube.ide.mcu.externaltools.gnu-tools-for-stm32.11.3.rel1.win32_1.1.100.202309141235/tools/bin/../lib/gcc/arm-none-eabi/11.3.1/../../../../arm-none-eabi/lib/thumb/v7-m/nofp\libc_nano.a(libc_a-puts.o) (__swbuf_r)
C:/ST/STM32CubeIDE_1.14.0/STM32CubeIDE/plugins/com.st.stm32cube.ide.mcu.externaltools.gnu-tools-for-stm32.11.3.rel1.win32_1.1.100.202309141235/tools/bin/../lib/gcc/arm-none-eabi/11.3.1/../../../../arm-none-eabi/lib/thumb/v7-m/nofp\libc_nano.a(libc_a-wsetup.o)
                              C:/ST/STM32CubeIDE_1.14.0/STM32CubeIDE/plugins/com.st.stm32cube.ide.mcu.externaltools.gnu-tools-for-stm32.11.3.rel1.win32_1.1.100.202309141235/tools/bin/../lib/gcc/arm-none-eabi/11.3.1/../../../../arm-none-eabi/lib/thumb/v7-m/nofp\libc_nano.a(libc_a-puts.o) (__swsetup_r)
C:/ST/STM32CubeIDE_1.14.0/STM32CubeIDE/plugins/com.st.stm32cube.ide.mcu.externaltools.gnu-tools-for-stm32.11.3.rel1.win32_1.1.100.202309141235/tools/bin/../lib/gcc/arm-none-eabi/11.3.1/../../../../arm-none-eabi/lib/thumb/v7-m/nofp\libc_nano.a(libc_a-memset.o)
                              C:/ST/STM32CubeIDE_1.14.0/STM32CubeIDE/plugins/com.st.stm32cube.ide.mcu.externaltools.gnu-tools-for-stm32.11.3.rel1.win32_1.1.100.202309141235/tools/bin/../lib/gcc/arm-none-eabi/11.3.1/../../../../arm-none-eabi/lib/thumb/v7-m/nofp/crt0.o (memset)
C:/ST/STM32CubeIDE_1.14.0/STM32CubeIDE/plugins/com.st.stm32cube.ide.mcu.externaltools.gnu-tools-for-stm32.11.3.rel1.win32_1.1.100.202309141235/tools/bin/../lib/gcc/arm-none-eabi/11.3.1/../../../../arm-none-eabi/lib/thumb/v7-m/nofp\libc_nano.a(libc_a-closer.o)
                              C:/ST/STM32CubeIDE_1.14.0/STM32CubeIDE/plugins/com.st.stm32cube.ide.mcu.externaltools.gnu-tools-for-stm32.11.3.rel1.win32_1.1.100.202309141235/tools/bin/../lib/gcc/arm-none-eabi/11.3.1/../../../../arm-none-eabi/lib/thumb/v7-m/nofp\libc_nano.a(libc_a-stdio.o) (_close_r)
C:/ST/STM32CubeIDE_1.14.0/STM32CubeIDE/plugins/com.st.stm32cube.ide.mcu.externaltools.gnu-tools-for-stm32.11.3.rel1.win32_1.1.100.202309141235/tools/bin/../lib/gcc/arm-none-eabi/11.3.1/../../../../arm-none-eabi/lib/thumb/v7-m/nofp\libc_nano.a(libc_a-reent.o)
                              ./Middlewares/Third_Party/FreeRTOS/Source/tasks.o (_reclaim_reent)
[...]
Memory Configuration

Name             Origin             Length             Attributes
RAM              0x0000000020000000 0x0000000000005000 xrw
FLASH            0x0000000008000000 0x0000000000010000 xr
*default*        0x0000000000000000 0xffffffffffffffff

Linker script and memory map

LOAD C:/ST/STM32CubeIDE_1.14.0/STM32CubeIDE/plugins/com.st.stm32cube.ide.mcu.externaltools.gnu-tools-for-stm32.11.3.rel1.win32_1.1.100.202309141235/tools/bin/../lib/gcc/arm-none-eabi/11.3.1/thumb/v7-m/nofp/crti.o
LOAD C:/ST/STM32CubeIDE_1.14.0/STM32CubeIDE/plugins/com.st.stm32cube.ide.mcu.externaltools.gnu-tools-for-stm32.11.3.rel1.win32_1.1.100.202309141235/tools/bin/../lib/gcc/arm-none-eabi/11.3.1/thumb/v7-m/nofp/crtbegin.o
LOAD C:/ST/STM32CubeIDE_1.14.0/STM32CubeIDE/plugins/com.st.stm32cube.ide.mcu.externaltools.gnu-tools-for-stm32.11.3.rel1.win32_1.1.100.202309141235/tools/bin/../lib/gcc/arm-none-eabi/11.3.1/../../../../arm-none-eabi/lib/thumb/v7-m/nofp/crt0.o
LOAD ./Core/Src/LSPB.o
LOAD ./Core/Src/freertos.o
LOAD ./Core/Src/inverse_kinematics.o
LOAD ./Core/Src/jacobian.o
LOAD ./Core/Src/main.o
LOAD ./Core/Src/pca9685.o
LOAD ./Core/Src/pid.o
LOAD ./Core/Src/servo_control.o
LOAD ./Core/Src/stm32f1xx_hal_msp.o
LOAD ./Core/Src/stm32f1xx_hal_timebase_tim.o
LOAD ./Core/Src/stm32f1xx_it.o
LOAD ./Core/Src/syscalls.o
LOAD ./Core/Src/sysmem.o
LOAD ./Core/Src/system_stm32f1xx.o
LOAD ./Core/Src/trajectory_planning.o
LOAD ./Core/Startup/startup_stm32f103c8tx.o
LOAD ./Drivers/STM32F1xx_HAL_Driver/Src/stm32f1xx_hal.o
LOAD ./Drivers/STM32F1xx_HAL_Driver/Src/stm32f1xx_hal_cortex.o
LOAD ./Drivers/STM32F1xx_HAL_Driver/Src/stm32f1xx_hal_dma.o
LOAD ./Drivers/STM32F1xx_HAL_Driver/Src/stm32f1xx_hal_exti.o
LOAD ./Drivers/STM32F1xx_HAL_Driver/Src/stm32f1xx_hal_flash.o
LOAD ./Drivers/STM32F1xx_HAL_Driver/Src/stm32f1xx_hal_flash_ex.o
LOAD ./Drivers/STM32F1xx_HAL_Driver/Src/stm32f1xx_hal_gpio.o
LOAD ./Drivers/STM32F1xx_HAL_Driver/Src/stm32f1xx_hal_gpio_ex.o
LOAD ./Drivers/STM32F1xx_HAL_Driver/Src/stm32f1xx_hal_i2c.o
LOAD ./Drivers/STM32F1xx_HAL_Driver/Src/stm32f1xx_hal_pwr.o
LOAD ./Drivers/STM32F1xx_HAL_Driver/Src/stm32f1xx_hal_rcc.o
LOAD ./Drivers/STM32F1xx_HAL_Driver/Src/stm32f1xx_hal_rcc_ex.o
LOAD ./Drivers/STM32F1xx_HAL_Driver/Src/stm32f1xx_hal_tim.o
LOAD ./Drivers/STM32F1xx_HAL_Driver/Src/stm32f1xx_hal_tim_ex.o
LOAD ./Drivers/STM32F1xx_HAL_Driver/Src/stm32f1xx_hal_uart.o
LOAD ./Middlewares/Third_Party/FreeRTOS/Source/CMSIS_RTOS_V2/cmsis_os2.o
LOAD ./Middlewares/Third_Party/FreeRTOS/Source/croutine.o
LOAD ./Middlewares/Third_Party/FreeRTOS/Source/event_groups.o
LOAD ./Middlewares/Third_Party/FreeRTOS/Source/list.o
LOAD ./Middlewares/Third_Party/FreeRTOS/Source/queue.o
LOAD ./Middlewares/Third_Party/FreeRTOS/Source/stream_buffer.o
LOAD ./Middlewares/Third_Party/FreeRTOS/Source/tasks.o
LOAD ./Middlewares/Third_Party/FreeRTOS/Source/timers.o
LOAD ./Middlewares/Third_Party/FreeRTOS/Source/portable/GCC/ARM_CM3/port.o
LOAD ./Middlewares/Third_Party/FreeRTOS/Source/portable/MemMang/heap_4.o
START GROUP
LOAD C:/ST/STM32CubeIDE_1.14.0/STM32CubeIDE/plugins/com.st.stm32cube.ide.mcu.externaltools.gnu-tools-for-stm32.11.3.rel1.win32_1.1.100.202309141235/tools/bin/../lib/gcc/arm-none-eabi/11.3.1/../../../../arm-none-eabi/lib/thumb/v7-m/nofp\libc_nano.a
LOAD C:/ST/STM32CubeIDE_1.14.0/STM32CubeIDE/plugins/com.st.stm32cube.ide.mcu.externaltools.gnu-tools-for-stm32.11.3.rel1.win32_1.1.100.202309141235/tools/bin/../lib/gcc/arm-none-eabi/11.3.1/../../../../arm-none-eabi/lib/thumb/v7-m/nofp\libm.a
END GROUP
START GROUP
LOAD C:/ST/STM32CubeIDE_1.14.0/STM32CubeIDE/plugins/com.st.stm32cube.ide.mcu.externaltools.gnu-tools-for-stm32.11.3.rel1.win32_1.1.100.202309141235/tools/bin/../lib/gcc/arm-none-eabi/11.3.1/thumb/v7-m/nofp\libgcc.a
LOAD C:/ST/STM32CubeIDE_1.14.0/STM32CubeIDE/plugins/com.st.stm32cube.ide.mcu.externaltools.gnu-tools-for-stm32.11.3.rel1.win32_1.1.100.202309141235/tools/bin/../lib/gcc/arm-none-eabi/11.3.1/../../../../arm-none-eabi/lib/thumb/v7-m/nofp\libc_nano.a
END GROUP
START GROUP
LOAD C:/ST/STM32CubeIDE_1.14.0/STM32CubeIDE/plugins/com.st.stm32cube.ide.mcu.externaltools.gnu-tools-for-stm32.11.3.rel1.win32_1.1.100.202309141235/tools/bin/../lib/gcc/arm-none-eabi/11.3.1/thumb/v7-m/nofp\libgcc.a
LOAD C:/ST/STM32CubeIDE_1.14.0/STM32CubeIDE/plugins/com.st.stm32cube.ide.mcu.externaltools.gnu-tools-for-stm32.11.3.rel1.win32_1.1.100.202309141235/tools/bin/../lib/gcc/arm-none-eabi/11.3.1/../../../../arm-none-eabi/lib/thumb/v7-m/nofp\libc_nano.a
LOAD C:/ST/STM32CubeIDE_1.14.0/STM32CubeIDE/plugins/com.st.stm32cube.ide.mcu.externaltools.gnu-tools-for-stm32.11.3.rel1.win32_1.1.100.202309141235/tools/bin/../lib/gcc/arm-none-eabi/11.3.1/../../../../arm-none-eabi/lib/thumb/v7-m/nofp\libnosys.a
END GROUP
START GROUP
LOAD C:/ST/STM32CubeIDE_1.14.0/STM32CubeIDE/plugins/com.st.stm32cube.ide.mcu.externaltools.gnu-tools-for-stm32.11.3.rel1.win32_1.1.100.202309141235/tools/bin/../lib/gcc/arm-none-eabi/11.3.1/thumb/v7-m/nofp\libgcc.a
LOAD C:/ST/STM32CubeIDE_1.14.0/STM32CubeIDE/plugins/com.st.stm32cube.ide.mcu.externaltools.gnu-tools-for-stm32.11.3.rel1.win32_1.1.100.202309141235/tools/bin/../lib/gcc/arm-none-eabi/11.3.1/../../../../arm-none-eabi/lib/thumb/v7-m/nofp\libc_nano.a
LOAD C:/ST/STM32CubeIDE_1.14.0/STM32CubeIDE/plugins/com.st.stm32cube.ide.mcu.externaltools.gnu-tools-for-stm32.11.3.rel1.win32_1.1.100.202309141235/tools/bin/../lib/gcc/arm-none-eabi/11.3.1/../../../../arm-none-eabi/lib/thumb/v7-m/nofp\libnosys.a
END GROUP
LOAD C:/ST/STM32CubeIDE_1.14.0/STM32CubeIDE/plugins/com.st.stm32cube.ide.mcu.externaltools.gnu-tools-for-stm32.11.3.rel1.win32_1.1.100.202309141235/tools/bin/../lib/gcc/arm-none-eabi/11.3.1/thumb/v7-m/nofp/crtend.o
LOAD C:/ST/STM32CubeIDE_1.14.0/STM32CubeIDE/plugins/com.st.stm32cube.ide.mcu.externaltools.gnu-tools-for-stm32.11.3.rel1.win32_1.1.100.202309141235/tools/bin/../lib/gcc/arm-none-eabi/11.3.1/thumb/v7-m/nofp/crtn.o
                0x0000000020005000                _estack = (ORIGIN (RAM) + LENGTH (RAM))
                0x0000000000000200                _Min_Heap_Size = 0x200
                0x0000000000000400                _Min_Stack_Size = 0x400

.isr_vector     0x0000000008000000      0x10c
                0x0000000008000000                . = ALIGN (0x4)
 *(.isr_vector)
 .isr_vector    0x0000000008000000      0x10c ./Core/Startup/startup_stm32f103c8tx.o
                0x0000000008000000                g_pfnVectors
                0x000000000800010c                . = ALIGN (0x4)

.text           0x0000000008000110     0xba18
                0x0000000008000110                . = ALIGN (0x4)
 *(.text)
 .text          0x0000000008000110       0x40 C:/ST/STM32CubeIDE_1.14.0/STM32CubeIDE/plugins/com.st.stm32cube.ide.mcu.externaltools.gnu-tools-for-stm32.11.3.rel1.win32_1.1.100.202309141235/tools/bin/../lib/gcc/arm-none-eabi/11.3.1/thumb/v7-m/nofp/crtbegin.o
 .text          0x0000000008000150      0x378 C:/ST/STM32CubeIDE_1.14.0/STM32CubeIDE/plugins/com.st.stm32cube.ide.mcu.externaltools.gnu-tools-for-stm32.11.3.rel1.win32_1.1.100.202309141235/tools/bin/../lib/gcc/arm-none-eabi/11.3.1/thumb/v7-m/nofp\libgcc.a(_arm_addsubdf3.o)
                0x0000000008000150                __aeabi_drsub
                0x0000000008000158                __aeabi_dsub
                0x0000000008000158                __subdf3
                0x000000000800015c                __aeabi_dadd
                0x000000000800015c                __adddf3
                0x00000000080003d4                __floatunsidf
                0x00000000080003d4                __aeabi_ui2d
                0x00000000080003f4                __floatsidf
                0x00000000080003f4                __aeabi_i2d
                0x0000000008000418                __aeabi_f2d
                0x0000000008000418                __extendsfdf2
                0x000000000800045c                __floatundidf
                0x000000000800045c                __aeabi_ul2d
                0x000000000800046c                __floatdidf
                0x000000000800046c                __aeabi_l2d
 .text          0x00000000080004c8      0x424 C:/ST/STM32CubeIDE_1.14.0/STM32CubeIDE/plugins/com.st.stm32cube.ide.mcu.externaltools.gnu-tools-for-stm32.11.3.rel1.win32_1.1.100.202309141235/tools/bin/../lib/gcc/arm-none-eabi/11.3.1/thumb/v7-m/nofp\libgcc.a(_arm_muldivdf3.o)
                0x00000000080004c8                __aeabi_dmul
                0x00000000080004c8                __muldf3
                0x000000000800071c                __divdf3
                0x000000000800071c                __aeabi_ddiv
 .text          0x00000000080008ec      0x110 C:/ST/STM32CubeIDE_1.14.0/STM32CubeIDE/plugins/com.st.stm32cube.ide.mcu.externaltools.gnu-tools-for-stm32.11.3.rel1.win32_1.1.100.202309141235/tools/bin/../lib/gcc/arm-none-eabi/11.3.1/thumb/v7-m/nofp\libgcc.a(_arm_cmpdf2.o)
                0x00000000080008ec                __gtdf2
                0x00000000080008ec                __gedf2
                0x00000000080008f4                __ltdf2
                0x00000000080008f4                __ledf2
                0x00000000080008fc                __nedf2
                0x00000000080008fc                __eqdf2
                0x00000000080008fc                __cmpdf2
                0x0000000008000978                __aeabi_cdrcmple
                0x0000000008000988                __aeabi_cdcmpeq
                0x0000000008000988                __aeabi_cdcmple
                0x0000000008000998                __aeabi_dcmpeq
                0x00000000080009ac                __aeabi_dcmplt
                0x00000000080009c0                __aeabi_dcmple
                0x00000000080009d4                __aeabi_dcmpge
                0x00000000080009e8                __aeabi_dcmpgt
 .text          0x00000000080009fc       0x2c C:/ST/STM32CubeIDE_1.14.0/STM32CubeIDE/plugins/com.st.stm32cube.ide.mcu.externaltools.gnu-tools-for-stm32.11.3.rel1.win32_1.1.100.202309141235/tools/bin/../lib/gcc/arm-none-eabi/11.3.1/thumb/v7-m/nofp\libgcc.a(_arm_unorddf2.o)
                0x00000000080009fc                __unorddf2
                0x00000000080009fc                __aeabi_dcmpun
 .text          0x0000000008000a28       0x50 C:/ST/STM32CubeIDE_1.14.0/STM32CubeIDE/plugins/com.st.stm32cube.ide.mcu.externaltools.gnu-tools-for-stm32.11.3.rel1.win32_1.1.100.202309141235/tools/bin/../lib/gcc/arm-none-eabi/11.3.1/thumb/v7-m/nofp\libgcc.a(_arm_fixdfsi.o)
                0x0000000008000a28                __aeabi_d2iz
                0x0000000008000a28                __fixdfsi
 .text          0x0000000008000a78       0xa0 C:/ST/STM32CubeIDE_1.14.0/STM32CubeIDE/plugins/com.st.stm32cube.ide.mcu.externaltools.gnu-tools-for-stm32.11.3.rel1.win32_1.1.100.202309141235/tools/bin/../lib/gcc/arm-none-eabi/11.3.1/thumb/v7-m/nofp\libgcc.a(_arm_truncdfsf2.o)
                0x0000000008000a78                __truncdfsf2
                0x0000000008000a78                __aeabi_d2f
 .text          0x0000000008000b18      0x21c C:/ST/STM32CubeIDE_1.14.0/STM32CubeIDE/plugins/com.st.stm32cube.ide.mcu.externaltools.gnu-tools-for-stm32.11.3.rel1.win32_1.1.100.202309141235/tools/bin/../lib/gcc/arm-none-eabi/11.3.1/thumb/v7-m/nofp\libgcc.a(_arm_addsubsf3.o)
                0x0000000008000b18                __aeabi_frsub
                0x0000000008000b20                __subsf3
                0x0000000008000b20                __aeabi_fsub
                0x0000000008000b24                __aeabi_fadd
                0x0000000008000b24                __addsf3
                0x0000000008000c84                __aeabi_ui2f
                0x0000000008000c84                __floatunsisf
                0x0000000008000c8c                __aeabi_i2f
                0x0000000008000c8c                __floatsisf
                0x0000000008000ca8                __aeabi_ul2f
                0x0000000008000ca8                __floatundisf
                0x0000000008000cb8                __aeabi_l2f
                0x0000000008000cb8                __floatdisf
 .text          0x0000000008000d34      0x2a0 C:/ST/STM32CubeIDE_1.14.0/STM32CubeIDE/plugins/com.st.stm32cube.ide.mcu.externaltools.gnu-tools-for-stm32.11.3.rel1.win32_1.1.100.202309141235/tools/bin/../lib/gcc/arm-none-eabi/11.3.1/thumb/v7-m/nofp\libgcc.a(_arm_muldivsf3.o)
                0x0000000008000d34                __mulsf3
                0x0000000008000d34                __aeabi_fmul
                0x0000000008000e9c                __aeabi_fdiv
                0x0000000008000e9c                __divsf3
 .text          0x0000000008000fd4       0xec C:/ST/STM32CubeIDE_1.14.0/STM32CubeIDE/plugins/com.st.stm32cube.ide.mcu.externaltools.gnu-tools-for-stm32.11.3.rel1.win32_1.1.100.202309141235/tools/bin/../lib/gcc/arm-none-eabi/11.3.1/thumb/v7-m/nofp\libgcc.a(_arm_cmpsf2.o)
                0x0000000008000fd4                __gesf2
                0x0000000008000fd4                __gtsf2
                0x0000000008000fdc                __lesf2
                0x0000000008000fdc                __ltsf2
                0x0000000008000fe4                __nesf2
                0x0000000008000fe4                __eqsf2
                0x0000000008000fe4                __cmpsf2
                0x0000000008001044                __aeabi_cfrcmple
                0x000000000800104c                __aeabi_cfcmpeq
                0x000000000800104c                __aeabi_cfcmple
                0x000000000800105c                __aeabi_fcmpeq
                0x0000000008001070                __aeabi_fcmplt
                0x0000000008001084                __aeabi_fcmple
                0x0000000008001098                __aeabi_fcmpge
                0x00000000080010ac                __aeabi_fcmpgt
 .text          0x00000000080010c0       0x4c C:/ST/STM32CubeIDE_1.14.0/STM32CubeIDE/plugins/com.st.stm32cube.ide.mcu.externaltools.gnu-tools-for-stm32.11.3.rel1.win32_1.1.100.202309141235/tools/bin/../lib/gcc/arm-none-eabi/11.3.1/thumb/v7-m/nofp\libgcc.a(_arm_fixsfsi.o)
                0x00000000080010c0                __aeabi_f2iz
                0x00000000080010c0                __fixsfsi
 .text          0x000000000800110c       0x40 C:/ST/STM32CubeIDE_1.14.0/STM32CubeIDE/plugins/com.st.stm32cube.ide.mcu.externaltools.gnu-tools-for-stm32.11.3.rel1.win32_1.1.100.202309141235/tools/bin/../lib/gcc/arm-none-eabi/11.3.1/thumb/v7-m/nofp\libgcc.a(_arm_fixunssfsi.o)
                0x000000000800110c                __fixunssfsi
                0x000000000800110c                __aeabi_f2uiz
 *(.text*)
 .text.LSPB_Init
                0x000000000800114c       0x6e ./Core/Src/LSPB.o
                0x000000000800114c                LSPB_Init
 .text.LSPB_CalculatePosition
                0x00000000080011ba      0x3ce ./Core/Src/LSPB.o
                0x00000000080011ba                LSPB_CalculatePosition
 .text.cosf     0x0000000008001588       0x30 ./Core/Src/inverse_kinematics.o
                0x0000000008001588                cosf
 .text.sinf     0x00000000080015b8       0x30 ./Core/Src/inverse_kinematics.o
                0x00000000080015b8                sinf
 .text.InverseKinematics_Init
                0x00000000080015e8       0x36 ./Core/Src/inverse_kinematics.o
                0x00000000080015e8                InverseKinematics_Init
 *fill*         0x000000000800161e        0x2 
 .text.InverseKinematics_Calculate
                0x0000000008001620      0x35c ./Core/Src/inverse_kinematics.o
                0x0000000008001620                InverseKinematics_Calculate
 *fill*         0x000000000800197c        0x4 
 .text.rad2deg  0x0000000008001980       0x38 ./Core/Src/main.o
                0x0000000008001980                rad2deg
 .text.convertThetaArrayToDegrees
                0x00000000080019b8       0x40 ./Core/Src/main.o
                0x00000000080019b8                convertThetaArrayToDegrees
 .text.angleToPWM
                0x00000000080019f8       0x40 ./Core/Src/main.o
                0x00000000080019f8                angleToPWM
 .text.PWMToAngle
                0x0000000008001a38       0x48 ./Core/Src/main.o
                0x0000000008001a38                PWMToAngle
 .text.control  0x0000000008001a80      0x3b4 ./Core/Src/main.o
                0x0000000008001a80                control
 *fill*         0x0000000008001e34        0x4 
 .text.control_back
                0x0000000008001e38      0x3b4 ./Core/Src/main.o
                0x0000000008001e38                control_back
 .text.calculate_vmax
                0x00000000080021ec       0x84 ./Core/Src/main.o
                0x00000000080021ec                calculate_vmax
 .text.swap_bytes
                0x0000000008002270       0x40 ./Core/Src/main.o
                0x0000000008002270                swap_bytes
 .text.SendRequest
                0x00000000080022b0       0x2c ./Core/Src/main.o
                0x00000000080022b0                SendRequest
 .text.HAL_UART_RxCpltCallback
                0x00000000080022dc       0x40 ./Core/Src/main.o
                0x00000000080022dc                HAL_UART_RxCpltCallback
 .text.processData
                0x000000000800231c       0xb4 ./Core/Src/main.o
                0x000000000800231c                processData
 .text.handleFrame
                0x00000000080023d0      0x160 ./Core/Src/main.o
                0x00000000080023d0                handleFrame
 .text.drop_object
                0x0000000008002530       0x14 ./Core/Src/main.o
                0x0000000008002530                drop_object
 .text.grasp_object
                0x0000000008002544       0x14 ./Core/Src/main.o
                0x0000000008002544                grasp_object
 .text.main     0x0000000008002558       0x98 ./Core/Src/main.o
                0x0000000008002558                main
 .text.SystemClock_Config
                0x00000000080025f0       0x8a ./Core/Src/main.o
                0x00000000080025f0                SystemClock_Config
 *fill*         0x000000000800267a        0x2 
 .text.MX_I2C1_Init
                0x000000000800267c       0x5c ./Core/Src/main.o
 .text.MX_TIM2_Init
                0x00000000080026d8       0x98 ./Core/Src/main.o
 .text.MX_USART1_UART_Init
                0x0000000008002770       0x54 ./Core/Src/main.o
 .text.MX_DMA_Init
                0x00000000080027c4       0x3c ./Core/Src/main.o
 .text.MX_GPIO_Init
                0x0000000008002800       0x94 ./Core/Src/main.o
 .text.UART_Task_Init
                0x0000000008002894       0x80 ./Core/Src/main.o
                0x0000000008002894                UART_Task_Init
 *fill*         0x0000000008002914        0x4 
 .text.Robot_Task_Init
                0x0000000008002918      0x258 ./Core/Src/main.o
                0x0000000008002918                Robot_Task_Init
 .text.HAL_TIM_PeriodElapsedCallback
                0x0000000008002b70       0x24 ./Core/Src/main.o
                0x0000000008002b70                HAL_TIM_PeriodElapsedCallback
 .text.Error_Handler
                0x0000000008002b94        0xa ./Core/Src/main.o
                0x0000000008002b94                Error_Handler
 *fill*         0x0000000008002b9e        0x2 
 .text.PCA9685_SetBit
                0x0000000008002ba0       0x94 ./Core/Src/pca9685.o
                0x0000000008002ba0                PCA9685_SetBit
 .text.PCA9685_SetPWMFrequency
                0x0000000008002c34       0x7c ./Core/Src/pca9685.o
                0x0000000008002c34                PCA9685_SetPWMFrequency
 .text.PCA9685_Init
                0x0000000008002cb0       0x24 ./Core/Src/pca9685.o
                0x0000000008002cb0                PCA9685_Init
 .text.PCA9685_SetPWM
                0x0000000008002cd4       0x64 ./Core/Src/pca9685.o
                0x0000000008002cd4                PCA9685_SetPWM
 .text.PCA9685_SetServoAngle
                0x0000000008002d38       0x84 ./Core/Src/pca9685.o
                0x0000000008002d38                PCA9685_SetServoAngle
 *fill*         0x0000000008002dbc        0x4 
 .text.PCA9685_SetServoAngle_1
                0x0000000008002dc0       0x88 ./Core/Src/pca9685.o
                0x0000000008002dc0                PCA9685_SetServoAngle_1
 .text.PID_Init
                0x0000000008002e48       0x4e ./Core/Src/pid.o
                0x0000000008002e48                PID_Init
 .text.PID_Compute
                0x0000000008002e96       0xd6 ./Core/Src/pid.o
                0x0000000008002e96                PID_Compute
 .text.HAL_MspInit
                0x0000000008002f6c       0x70 ./Core/Src/stm32f1xx_hal_msp.o
                0x0000000008002f6c                HAL_MspInit
 .text.HAL_I2C_MspInit
                0x0000000008002fdc       0x7c ./Core/Src/stm32f1xx_hal_msp.o
                0x0000000008002fdc                HAL_I2C_MspInit
 .text.HAL_TIM_Base_MspInit
                0x0000000008003058       0x38 ./Core/Src/stm32f1xx_hal_msp.o
                0x0000000008003058                HAL_TIM_Base_MspInit
 .text.HAL_UART_MspInit
                0x0000000008003090       0xec ./Core/Src/stm32f1xx_hal_msp.o
                0x0000000008003090                HAL_UART_MspInit
 .text.HAL_InitTick
                0x000000000800317c       0xfc ./Core/Src/stm32f1xx_hal_timebase_tim.o
                0x000000000800317c                HAL_InitTick
 .text.NMI_Handler
                0x0000000008003278        0x6 ./Core/Src/stm32f1xx_it.o
                0x0000000008003278                NMI_Handler
 .text.HardFault_Handler
                0x000000000800327e        0x6 ./Core/Src/stm32f1xx_it.o
                0x000000000800327e                HardFault_Handler
 .text.MemManage_Handler
                0x0000000008003284        0x6 ./Core/Src/stm32f1xx_it.o
                0x0000000008003284                MemManage_Handler
 .text.BusFault_Handler
                0x000000000800328a        0x6 ./Core/Src/stm32f1xx_it.o
                0x000000000800328a                BusFault_Handler
 .text.UsageFault_Handler
                0x0000000008003290        0x6 ./Core/Src/stm32f1xx_it.o
                0x0000000008003290                UsageFault_Handler
 .text.DebugMon_Handler
                0x0000000008003296        0xc ./Core/Src/stm32f1xx_it.o
                0x0000000008003296                DebugMon_Handler
 *fill*         0x00000000080032a2        0x2 
 .text.DMA1_Channel5_IRQHandler
                0x00000000080032a4       0x14 ./Core/Src/stm32f1xx_it.o
                0x00000000080032a4                DMA1_Channel5_IRQHandler
 .text.TIM3_IRQHandler
                0x00000000080032b8       0x14 ./Core/Src/stm32f1xx_it.o
                0x00000000080032b8                TIM3_IRQHandler
 .text.SystemInit
                0x00000000080032cc        0xc ./Core/Src/system_stm32f1xx.o
                0x00000000080032cc                SystemInit
 .text.Reset_Handler
                0x00000000080032d8       0x48 ./Core/Startup/startup_stm32f103c8tx.o
                0x00000000080032d8                Reset_Handler
 .text.Default_Handler
                0x0000000008003320        0x2 ./Core/Startup/startup_stm32f103c8tx.o
                0x0000000008003320                RTC_Alarm_IRQHandler
                0x0000000008003320                EXTI2_IRQHandler
                0x0000000008003320                TIM1_CC_IRQHandler
                0x0000000008003320                PVD_IRQHandler
                0x0000000008003320                EXTI3_IRQHandler
                0x0000000008003320                EXTI0_IRQHandler
                0x0000000008003320                I2C2_EV_IRQHandler
                0x0000000008003320                ADC1_2_IRQHandler
                0x0000000008003320                SPI1_IRQHandler
                0x0000000008003320                TAMPER_IRQHandler
                0x0000000008003320                DMA1_Channel4_IRQHandler
                0x0000000008003320                USART3_IRQHandler
                0x0000000008003320                RTC_IRQHandler
                0x0000000008003320                DMA1_Channel7_IRQHandler
                0x0000000008003320                CAN1_RX1_IRQHandler
                0x0000000008003320                TIM4_IRQHandler
                0x0000000008003320                I2C1_EV_IRQHandler
                0x0000000008003320                DMA1_Channel6_IRQHandler
                0x0000000008003320                RCC_IRQHandler
                0x0000000008003320                TIM1_TRG_COM_IRQHandler
                0x0000000008003320                DMA1_Channel1_IRQHandler
                0x0000000008003320                Default_Handler
                0x0000000008003320                EXTI15_10_IRQHandler
                0x0000000008003320                EXTI9_5_IRQHandler
                0x0000000008003320                SPI2_IRQHandler
                0x0000000008003320                EXTI4_IRQHandler
                0x0000000008003320                USB_LP_CAN1_RX0_IRQHandler
                0x0000000008003320                USB_HP_CAN1_TX_IRQHandler
                0x0000000008003320                DMA1_Channel3_IRQHandler
                0x0000000008003320                TIM1_UP_IRQHandler
                0x0000000008003320                WWDG_IRQHandler
                0x0000000008003320                TIM2_IRQHandler
                0x0000000008003320                TIM1_BRK_IRQHandler
                0x0000000008003320                EXTI1_IRQHandler
                0x0000000008003320                USART2_IRQHandler
                0x0000000008003320                I2C2_ER_IRQHandler
                0x0000000008003320                DMA1_Channel2_IRQHandler
                0x0000000008003320                CAN1_SCE_IRQHandler
                0x0000000008003320                FLASH_IRQHandler
                0x0000000008003320                USART1_IRQHandler
                0x0000000008003320                I2C1_ER_IRQHandler
                0x0000000008003320                USBWakeUp_IRQHandler
 *fill*         0x0000000008003322        0x2 
 .text.HAL_Init
                0x0000000008003324       0x2c ./Drivers/STM32F1xx_HAL_Driver/Src/stm32f1xx_hal.o
                0x0000000008003324                HAL_Init
 .text.HAL_IncTick
                0x0000000008003350       0x24 ./Drivers/STM32F1xx_HAL_Driver/Src/stm32f1xx_hal.o
                0x0000000008003350                HAL_IncTick
 .text.HAL_GetTick
                0x0000000008003374       0x14 ./Drivers/STM32F1xx_HAL_Driver/Src/stm32f1xx_hal.o
                0x0000000008003374                HAL_GetTick
 .text.HAL_Delay
                0x0000000008003388       0x48 ./Drivers/STM32F1xx_HAL_Driver/Src/stm32f1xx_hal.o
                0x0000000008003388                HAL_Delay
 .text.__NVIC_SetPriorityGrouping
                0x00000000080033d0       0x48 ./Drivers/STM32F1xx_HAL_Driver/Src/stm32f1xx_hal_cortex.o
 .text.__NVIC_GetPriorityGrouping
                0x0000000008003418       0x1c ./Drivers/STM32F1xx_HAL_Driver/Src/stm32f1xx_hal_cortex.o
 .text.__NVIC_EnableIRQ
                0x0000000008003434       0x38 ./Drivers/STM32F1xx_HAL_Driver/Src/stm32f1xx_hal_cortex.o
 .text.__NVIC_SetPriority
                0x000000000800346c       0x54 ./Drivers/STM32F1xx_HAL_Driver/Src/stm32f1xx_hal_cortex.o
 .text.NVIC_EncodePriority
                0x00000000080034c0       0x64 ./Drivers/STM32F1xx_HAL_Driver/Src/stm32f1xx_hal_cortex.o
 .text.HAL_NVIC_SetPriorityGrouping
                0x0000000008003524       0x16 ./Drivers/STM32F1xx_HAL_Driver/Src/stm32f1xx_hal_cortex.o
                0x0000000008003524                HAL_NVIC_SetPriorityGrouping
 .text.HAL_NVIC_SetPriority
                0x000000000800353a       0x38 ./Drivers/STM32F1xx_HAL_Driver/Src/stm32f1xx_hal_cortex.o
                0x000000000800353a                HAL_NVIC_SetPriority
 .text.HAL_NVIC_EnableIRQ
                0x0000000008003572       0x1c ./Drivers/STM32F1xx_HAL_Driver/Src/stm32f1xx_hal_cortex.o
                0x0000000008003572                HAL_NVIC_EnableIRQ
 *fill*         0x000000000800358e        0x2 
 .text.HAL_DMA_Init
                0x0000000008003590       0xb4 ./Drivers/STM32F1xx_HAL_Driver/Src/stm32f1xx_hal_dma.o
                0x0000000008003590                HAL_DMA_Init
 .text.HAL_DMA_Start_IT
                0x0000000008003644       0xc0 ./Drivers/STM32F1xx_HAL_Driver/Src/stm32f1xx_hal_dma.o
                0x0000000008003644                HAL_DMA_Start_IT
 .text.HAL_DMA_Abort
                0x0000000008003704       0x76 ./Drivers/STM32F1xx_HAL_Driver/Src/stm32f1xx_hal_dma.o
                0x0000000008003704                HAL_DMA_Abort
 *fill*         0x000000000800377a        0x2 
 .text.HAL_DMA_IRQHandler
                0x000000000800377c      0x20c ./Drivers/STM32F1xx_HAL_Driver/Src/stm32f1xx_hal_dma.o
                0x000000000800377c                HAL_DMA_IRQHandler
 .text.DMA_SetConfig
                0x0000000008003988       0x5a ./Drivers/STM32F1xx_HAL_Driver/Src/stm32f1xx_hal_dma.o
 *fill*         0x00000000080039e2        0x2 
 .text.HAL_GPIO_Init
                0x00000000080039e4      0x308 ./Drivers/STM32F1xx_HAL_Driver/Src/stm32f1xx_hal_gpio.o
                0x00000000080039e4                HAL_GPIO_Init
 .text.HAL_GPIO_WritePin
                0x0000000008003cec       0x30 ./Drivers/STM32F1xx_HAL_Driver/Src/stm32f1xx_hal_gpio.o
                0x0000000008003cec                HAL_GPIO_WritePin
 .text.HAL_I2C_Init
                0x0000000008003d1c      0x288 ./Drivers/STM32F1xx_HAL_Driver/Src/stm32f1xx_hal_i2c.o
                0x0000000008003d1c                HAL_I2C_Init
 .text.HAL_I2C_Mem_Write
                0x0000000008003fa4      0x1f4 ./Drivers/STM32F1xx_HAL_Driver/Src/stm32f1xx_hal_i2c.o
                0x0000000008003fa4                HAL_I2C_Mem_Write
 .text.HAL_I2C_Mem_Read
                0x0000000008004198      0x4d0 ./Drivers/STM32F1xx_HAL_Driver/Src/stm32f1xx_hal_i2c.o
                0x0000000008004198                HAL_I2C_Mem_Read
 .text.I2C_RequestMemoryWrite
                0x0000000008004668      0x12c ./Drivers/STM32F1xx_HAL_Driver/Src/stm32f1xx_hal_i2c.o
 .text.I2C_RequestMemoryRead
                0x0000000008004794      0x1d0 ./Drivers/STM32F1xx_HAL_Driver/Src/stm32f1xx_hal_i2c.o
 .text.I2C_WaitOnFlagUntilTimeout
                0x0000000008004964       0xf4 ./Drivers/STM32F1xx_HAL_Driver/Src/stm32f1xx_hal_i2c.o
 .text.I2C_WaitOnMasterAddressFlagUntilTimeout
                0x0000000008004a58      0x140 ./Drivers/STM32F1xx_HAL_Driver/Src/stm32f1xx_hal_i2c.o
 .text.I2C_WaitOnTXEFlagUntilTimeout
                0x0000000008004b98       0x90 ./Drivers/STM32F1xx_HAL_Driver/Src/stm32f1xx_hal_i2c.o
 .text.I2C_WaitOnBTFFlagUntilTimeout
                0x0000000008004c28       0x90 ./Drivers/STM32F1xx_HAL_Driver/Src/stm32f1xx_hal_i2c.o
 .text.I2C_WaitOnRXNEFlagUntilTimeout
                0x0000000008004cb8       0xba ./Drivers/STM32F1xx_HAL_Driver/Src/stm32f1xx_hal_i2c.o
 .text.I2C_IsAcknowledgeFailed
                0x0000000008004d72       0x5c ./Drivers/STM32F1xx_HAL_Driver/Src/stm32f1xx_hal_i2c.o
 *fill*         0x0000000008004dce        0x2 
 .text.HAL_RCC_OscConfig
                0x0000000008004dd0      0x504 ./Drivers/STM32F1xx_HAL_Driver/Src/stm32f1xx_hal_rcc.o
                0x0000000008004dd0                HAL_RCC_OscConfig
 .text.HAL_RCC_ClockConfig
                0x00000000080052d4      0x1d4 ./Drivers/STM32F1xx_HAL_Driver/Src/stm32f1xx_hal_rcc.o
                0x00000000080052d4                HAL_RCC_ClockConfig
 .text.HAL_RCC_GetSysClockFreq
                0x00000000080054a8       0xa8 ./Drivers/STM32F1xx_HAL_Driver/Src/stm32f1xx_hal_rcc.o
                0x00000000080054a8                HAL_RCC_GetSysClockFreq
 .text.HAL_RCC_GetHCLKFreq
                0x0000000008005550       0x14 ./Drivers/STM32F1xx_HAL_Driver/Src/stm32f1xx_hal_rcc.o
                0x0000000008005550                HAL_RCC_GetHCLKFreq
 .text.HAL_RCC_GetPCLK1Freq
                0x0000000008005564       0x28 ./Drivers/STM32F1xx_HAL_Driver/Src/stm32f1xx_hal_rcc.o
                0x0000000008005564                HAL_RCC_GetPCLK1Freq
 .text.HAL_RCC_GetPCLK2Freq
                0x000000000800558c       0x28 ./Drivers/STM32F1xx_HAL_Driver/Src/stm32f1xx_hal_rcc.o
                0x000000000800558c                HAL_RCC_GetPCLK2Freq
 .text.HAL_RCC_GetClockConfig
                0x00000000080055b4       0x60 ./Drivers/STM32F1xx_HAL_Driver/Src/stm32f1xx_hal_rcc.o
                0x00000000080055b4                HAL_RCC_GetClockConfig
 .text.RCC_Delay
                0x0000000008005614       0x3c ./Drivers/STM32F1xx_HAL_Driver/Src/stm32f1xx_hal_rcc.o
 .text.HAL_TIM_Base_Init
                0x0000000008005650       0x9e ./Drivers/STM32F1xx_HAL_Driver/Src/stm32f1xx_hal_tim.o
                0x0000000008005650                HAL_TIM_Base_Init
 *fill*         0x00000000080056ee        0x2 
 .text.HAL_TIM_Base_Start_IT
                0x00000000080056f0       0xa4 ./Drivers/STM32F1xx_HAL_Driver/Src/stm32f1xx_hal_tim.o
                0x00000000080056f0                HAL_TIM_Base_Start_IT
 .text.HAL_TIM_IRQHandler
                0x0000000008005794      0x210 ./Drivers/STM32F1xx_HAL_Driver/Src/stm32f1xx_hal_tim.o
                0x0000000008005794                HAL_TIM_IRQHandler
 .text.HAL_TIM_ConfigClockSource
                0x00000000080059a4      0x18e ./Drivers/STM32F1xx_HAL_Driver/Src/stm32f1xx_hal_tim.o
                0x00000000080059a4                HAL_TIM_ConfigClockSource
 .text.HAL_TIM_OC_DelayElapsedCallback
                0x0000000008005b32       0x12 ./Drivers/STM32F1xx_HAL_Driver/Src/stm32f1xx_hal_tim.o
                0x0000000008005b32                HAL_TIM_OC_DelayElapsedCallback
 .text.HAL_TIM_IC_CaptureCallback
                0x0000000008005b44       0x12 ./Drivers/STM32F1xx_HAL_Driver/Src/stm32f1xx_hal_tim.o
                0x0000000008005b44                HAL_TIM_IC_CaptureCallback
 .text.HAL_TIM_PWM_PulseFinishedCallback
                0x0000000008005b56       0x12 ./Drivers/STM32F1xx_HAL_Driver/Src/stm32f1xx_hal_tim.o
                0x0000000008005b56                HAL_TIM_PWM_PulseFinishedCallback
 .text.HAL_TIM_TriggerCallback
                0x0000000008005b68       0x12 ./Drivers/STM32F1xx_HAL_Driver/Src/stm32f1xx_hal_tim.o
                0x0000000008005b68                HAL_TIM_TriggerCallback
 *fill*         0x0000000008005b7a        0x2 
 .text.TIM_Base_SetConfig
                0x0000000008005b7c       0xc4 ./Drivers/STM32F1xx_HAL_Driver/Src/stm32f1xx_hal_tim.o
                0x0000000008005b7c                TIM_Base_SetConfig
 .text.TIM_TI1_ConfigInputStage
                0x0000000008005c40       0x5c ./Drivers/STM32F1xx_HAL_Driver/Src/stm32f1xx_hal_tim.o
 .text.TIM_TI2_ConfigInputStage
                0x0000000008005c9c       0x5e ./Drivers/STM32F1xx_HAL_Driver/Src/stm32f1xx_hal_tim.o
 .text.TIM_ITRx_SetConfig
                0x0000000008005cfa       0x34 ./Drivers/STM32F1xx_HAL_Driver/Src/stm32f1xx_hal_tim.o
 .text.TIM_ETR_SetConfig
                0x0000000008005d2e       0x3e ./Drivers/STM32F1xx_HAL_Driver/Src/stm32f1xx_hal_tim.o
                0x0000000008005d2e                TIM_ETR_SetConfig
 .text.HAL_TIMEx_MasterConfigSynchronization
                0x0000000008005d6c       0xbc ./Drivers/STM32F1xx_HAL_Driver/Src/stm32f1xx_hal_tim_ex.o
                0x0000000008005d6c                HAL_TIMEx_MasterConfigSynchronization
 .text.HAL_TIMEx_CommutCallback
                0x0000000008005e28       0x12 ./Drivers/STM32F1xx_HAL_Driver/Src/stm32f1xx_hal_tim_ex.o
                0x0000000008005e28                HAL_TIMEx_CommutCallback
 .text.HAL_TIMEx_BreakCallback
                0x0000000008005e3a       0x12 ./Drivers/STM32F1xx_HAL_Driver/Src/stm32f1xx_hal_tim_ex.o
                0x0000000008005e3a                HAL_TIMEx_BreakCallback
 .text.HAL_UART_Init
                0x0000000008005e4c       0xa0 ./Drivers/STM32F1xx_HAL_Driver/Src/stm32f1xx_hal_uart.o
                0x0000000008005e4c                HAL_UART_Init
 .text.HAL_UART_Transmit
                0x0000000008005eec      0x106 ./Drivers/STM32F1xx_HAL_Driver/Src/stm32f1xx_hal_uart.o
                0x0000000008005eec                HAL_UART_Transmit
 .text.HAL_UART_Receive_DMA
                0x0000000008005ff2       0x4a ./Drivers/STM32F1xx_HAL_Driver/Src/stm32f1xx_hal_uart.o
                0x0000000008005ff2                HAL_UART_Receive_DMA
 .text.HAL_UART_DMAStop
                0x000000000800603c       0xfe ./Drivers/STM32F1xx_HAL_Driver/Src/stm32f1xx_hal_uart.o
                0x000000000800603c                HAL_UART_DMAStop
 .text.HAL_UART_RxHalfCpltCallback
                0x000000000800613a       0x12 ./Drivers/STM32F1xx_HAL_Driver/Src/stm32f1xx_hal_uart.o
                0x000000000800613a                HAL_UART_RxHalfCpltCallback
 .text.HAL_UART_ErrorCallback
                0x000000000800614c       0x12 ./Drivers/STM32F1xx_HAL_Driver/Src/stm32f1xx_hal_uart.o
                0x000000000800614c                HAL_UART_ErrorCallback
 .text.HAL_UARTEx_RxEventCallback
                0x000000000800615e       0x16 ./Drivers/STM32F1xx_HAL_Driver/Src/stm32f1xx_hal_uart.o
                0x000000000800615e                HAL_UARTEx_RxEventCallback
 .text.UART_DMAReceiveCplt
                0x0000000008006174      0x12c ./Drivers/STM32F1xx_HAL_Driver/Src/stm32f1xx_hal_uart.o
 .text.UART_DMARxHalfCplt
                0x00000000080062a0       0x3c ./Drivers/STM32F1xx_HAL_Driver/Src/stm32f1xx_hal_uart.o
 .text.UART_DMAError
                0x00000000080062dc       0x94 ./Drivers/STM32F1xx_HAL_Driver/Src/stm32f1xx_hal_uart.o
 .text.UART_WaitOnFlagUntilTimeout
                0x0000000008006370       0xdc ./Drivers/STM32F1xx_HAL_Driver/Src/stm32f1xx_hal_uart.o
 .text.UART_Start_Receive_DMA
                0x000000000800644c      0x134 ./Drivers/STM32F1xx_HAL_Driver/Src/stm32f1xx_hal_uart.o
                0x000000000800644c                UART_Start_Receive_DMA
 .text.UART_EndTxTransfer
                0x0000000008006580       0x4e ./Drivers/STM32F1xx_HAL_Driver/Src/stm32f1xx_hal_uart.o
 .text.UART_EndRxTransfer
                0x00000000080065ce       0xc4 ./Drivers/STM32F1xx_HAL_Driver/Src/stm32f1xx_hal_uart.o
 *fill*         0x0000000008006692        0x2 
 .text.UART_SetConfig
                0x0000000008006694      0x11c ./Drivers/STM32F1xx_HAL_Driver/Src/stm32f1xx_hal_uart.o
 .text.osKernelInitialize
                0x00000000080067b0       0x64 ./Middlewares/Third_Party/FreeRTOS/Source/CMSIS_RTOS_V2/cmsis_os2.o
                0x00000000080067b0                osKernelInitialize
 .text.osKernelStart
                0x0000000008006814       0x68 ./Middlewares/Third_Party/FreeRTOS/Source/CMSIS_RTOS_V2/cmsis_os2.o
                0x0000000008006814                osKernelStart
 .text.osThreadNew
                0x000000000800687c      0x154 ./Middlewares/Third_Party/FreeRTOS/Source/CMSIS_RTOS_V2/cmsis_os2.o
                0x000000000800687c                osThreadNew
 .text.osDelay  0x00000000080069d0       0x5c ./Middlewares/Third_Party/FreeRTOS/Source/CMSIS_RTOS_V2/cmsis_os2.o
                0x00000000080069d0                osDelay
 .text.osSemaphoreNew
                0x0000000008006a2c      0x138 ./Middlewares/Third_Party/FreeRTOS/Source/CMSIS_RTOS_V2/cmsis_os2.o
                0x0000000008006a2c                osSemaphoreNew
 .text.osSemaphoreAcquire
                0x0000000008006b64       0xcc ./Middlewares/Third_Party/FreeRTOS/Source/CMSIS_RTOS_V2/cmsis_os2.o
                0x0000000008006b64                osSemaphoreAcquire
 .text.osSemaphoreRelease
                0x0000000008006c30       0xb0 ./Middlewares/Third_Party/FreeRTOS/Source/CMSIS_RTOS_V2/cmsis_os2.o
                0x0000000008006c30                osSemaphoreRelease
 .text.osMessageQueueNew
                0x0000000008006ce0      0x10c ./Middlewares/Third_Party/FreeRTOS/Source/CMSIS_RTOS_V2/cmsis_os2.o
                0x0000000008006ce0                osMessageQueueNew
 .text.osMessageQueuePut
                0x0000000008006dec       0xe8 ./Middlewares/Third_Party/FreeRTOS/Source/CMSIS_RTOS_V2/cmsis_os2.o
                0x0000000008006dec                osMessageQueuePut
 .text.osMessageQueueGet
                0x0000000008006ed4       0xe4 ./Middlewares/Third_Party/FreeRTOS/Source/CMSIS_RTOS_V2/cmsis_os2.o
                0x0000000008006ed4                osMessageQueueGet
 .text.vApplicationGetIdleTaskMemory
                0x0000000008006fb8       0x30 ./Middlewares/Third_Party/FreeRTOS/Source/CMSIS_RTOS_V2/cmsis_os2.o
                0x0000000008006fb8                vApplicationGetIdleTaskMemory
 .text.vApplicationGetTimerTaskMemory
                0x0000000008006fe8       0x34 ./Middlewares/Third_Party/FreeRTOS/Source/CMSIS_RTOS_V2/cmsis_os2.o
                0x0000000008006fe8                vApplicationGetTimerTaskMemory
 .text.vListInitialise
                0x000000000800701c       0x3e ./Middlewares/Third_Party/FreeRTOS/Source/list.o
                0x000000000800701c                vListInitialise
 .text.vListInitialiseItem
                0x000000000800705a       0x18 ./Middlewares/Third_Party/FreeRTOS/Source/list.o
                0x000000000800705a                vListInitialiseItem
 .text.vListInsertEnd
                0x0000000008007072       0x46 ./Middlewares/Third_Party/FreeRTOS/Source/list.o
                0x0000000008007072                vListInsertEnd
 .text.vListInsert
                0x00000000080070b8       0x70 ./Middlewares/Third_Party/FreeRTOS/Source/list.o
                0x00000000080070b8                vListInsert
 .text.uxListRemove
                0x0000000008007128       0x52 ./Middlewares/Third_Party/FreeRTOS/Source/list.o
                0x0000000008007128                uxListRemove
 *fill*         0x000000000800717a        0x2 
 .text.xQueueGenericReset
                0x000000000800717c       0xd0 ./Middlewares/Third_Party/FreeRTOS/Source/queue.o
                0x000000000800717c                xQueueGenericReset
 .text.xQueueGenericCreateStatic
                0x000000000800724c       0xee ./Middlewares/Third_Party/FreeRTOS/Source/queue.o
                0x000000000800724c                xQueueGenericCreateStatic
 .text.xQueueGenericCreate
                0x000000000800733a       0x7c ./Middlewares/Third_Party/FreeRTOS/Source/queue.o
                0x000000000800733a                xQueueGenericCreate
 .text.prvInitialiseNewQueue
                0x00000000080073b6       0x46 ./Middlewares/Third_Party/FreeRTOS/Source/queue.o
 .text.xQueueCreateCountingSemaphoreStatic
                0x00000000080073fc       0x6e ./Middlewares/Third_Party/FreeRTOS/Source/queue.o
                0x00000000080073fc                xQueueCreateCountingSemaphoreStatic
 .text.xQueueCreateCountingSemaphore
                0x000000000800746a       0x66 ./Middlewares/Third_Party/FreeRTOS/Source/queue.o
                0x000000000800746a                xQueueCreateCountingSemaphore
 .text.xQueueGenericSend
                0x00000000080074d0      0x1fc ./Middlewares/Third_Party/FreeRTOS/Source/queue.o
                0x00000000080074d0                xQueueGenericSend
 .text.xQueueGenericSendFromISR
                0x00000000080076cc      0x130 ./Middlewares/Third_Party/FreeRTOS/Source/queue.o
                0x00000000080076cc                xQueueGenericSendFromISR
 .text.xQueueGiveFromISR
                0x00000000080077fc      0x11a ./Middlewares/Third_Party/FreeRTOS/Source/queue.o
                0x00000000080077fc                xQueueGiveFromISR
 *fill*         0x0000000008007916        0x2 
 .text.xQueueReceive
                0x0000000008007918      0x1c0 ./Middlewares/Third_Party/FreeRTOS/Source/queue.o
                0x0000000008007918                xQueueReceive
 .text.xQueueSemaphoreTake
                0x0000000008007ad8      0x218 ./Middlewares/Third_Party/FreeRTOS/Source/queue.o
                0x0000000008007ad8                xQueueSemaphoreTake
 .text.xQueueReceiveFromISR
                0x0000000008007cf0      0x100 ./Middlewares/Third_Party/FreeRTOS/Source/queue.o
                0x0000000008007cf0                xQueueReceiveFromISR
 .text.vQueueDelete
                0x0000000008007df0       0x46 ./Middlewares/Third_Party/FreeRTOS/Source/queue.o
                0x0000000008007df0                vQueueDelete
 .text.prvGetDisinheritPriorityAfterTimeout
                0x0000000008007e36       0x2e ./Middlewares/Third_Party/FreeRTOS/Source/queue.o
 .text.prvCopyDataToQueue
                0x0000000008007e64       0xd4 ./Middlewares/Third_Party/FreeRTOS/Source/queue.o
 .text.prvCopyDataFromQueue
                0x0000000008007f38       0x4c ./Middlewares/Third_Party/FreeRTOS/Source/queue.o
 .text.prvUnlockQueue
                0x0000000008007f84       0xa4 ./Middlewares/Third_Party/FreeRTOS/Source/queue.o
 .text.prvIsQueueEmpty
                0x0000000008008028       0x2c ./Middlewares/Third_Party/FreeRTOS/Source/queue.o
 .text.prvIsQueueFull
                0x0000000008008054       0x30 ./Middlewares/Third_Party/FreeRTOS/Source/queue.o
 .text.vQueueAddToRegistry
                0x0000000008008084       0x50 ./Middlewares/Third_Party/FreeRTOS/Source/queue.o
                0x0000000008008084                vQueueAddToRegistry
 .text.vQueueUnregisterQueue
                0x00000000080080d4       0x54 ./Middlewares/Third_Party/FreeRTOS/Source/queue.o
                0x00000000080080d4                vQueueUnregisterQueue
 .text.vQueueWaitForMessageRestricted
                0x0000000008008128       0x68 ./Middlewares/Third_Party/FreeRTOS/Source/queue.o
                0x0000000008008128                vQueueWaitForMessageRestricted
 .text.xTaskCreateStatic
                0x0000000008008190       0xb8 ./Middlewares/Third_Party/FreeRTOS/Source/tasks.o
                0x0000000008008190                xTaskCreateStatic
 .text.xTaskCreate
                0x0000000008008248       0x8a ./Middlewares/Third_Party/FreeRTOS/Source/tasks.o
                0x0000000008008248                xTaskCreate
 *fill*         0x00000000080082d2        0x2 
 .text.prvInitialiseNewTask
                0x00000000080082d4      0x13c ./Middlewares/Third_Party/FreeRTOS/Source/tasks.o
 .text.prvAddNewTaskToReadyList
                0x0000000008008410       0xe0 ./Middlewares/Third_Party/FreeRTOS/Source/tasks.o
 .text.vTaskDelay
                0x00000000080084f0       0x68 ./Middlewares/Third_Party/FreeRTOS/Source/tasks.o
                0x00000000080084f0                vTaskDelay
 .text.vTaskStartScheduler
                0x0000000008008558       0xe0 ./Middlewares/Third_Party/FreeRTOS/Source/tasks.o
                0x0000000008008558                vTaskStartScheduler
 .text.vTaskSuspendAll
                0x0000000008008638       0x1c ./Middlewares/Third_Party/FreeRTOS/Source/tasks.o
                0x0000000008008638                vTaskSuspendAll
 .text.xTaskResumeAll
                0x0000000008008654      0x13c ./Middlewares/Third_Party/FreeRTOS/Source/tasks.o
                0x0000000008008654                xTaskResumeAll
 .text.xTaskGetTickCount
                0x0000000008008790       0x1c ./Middlewares/Third_Party/FreeRTOS/Source/tasks.o
                0x0000000008008790                xTaskGetTickCount
 .text.xTaskIncrementTick
                0x00000000080087ac      0x17c ./Middlewares/Third_Party/FreeRTOS/Source/tasks.o
                0x00000000080087ac                xTaskIncrementTick
 .text.vTaskSwitchContext
                0x0000000008008928       0xc8 ./Middlewares/Third_Party/FreeRTOS/Source/tasks.o
                0x0000000008008928                vTaskSwitchContext
 .text.vTaskPlaceOnEventList
                0x00000000080089f0       0x48 ./Middlewares/Third_Party/FreeRTOS/Source/tasks.o
                0x00000000080089f0                vTaskPlaceOnEventList
 .text.vTaskPlaceOnEventListRestricted
                0x0000000008008a38       0x58 ./Middlewares/Third_Party/FreeRTOS/Source/tasks.o
                0x0000000008008a38                vTaskPlaceOnEventListRestricted
 .text.xTaskRemoveFromEventList
                0x0000000008008a90       0xc8 ./Middlewares/Third_Party/FreeRTOS/Source/tasks.o
                0x0000000008008a90                xTaskRemoveFromEventList
 .text.vTaskInternalSetTimeOutState
                0x0000000008008b58       0x2c ./Middlewares/Third_Party/FreeRTOS/Source/tasks.o
                0x0000000008008b58                vTaskInternalSetTimeOutState
 .text.xTaskCheckForTimeOut
                0x0000000008008b84       0xc4 ./Middlewares/Third_Party/FreeRTOS/Source/tasks.o
                0x0000000008008b84                xTaskCheckForTimeOut
 .text.vTaskMissedYield
                0x0000000008008c48       0x18 ./Middlewares/Third_Party/FreeRTOS/Source/tasks.o
                0x0000000008008c48                vTaskMissedYield
 .text.prvIdleTask
                0x0000000008008c60       0x30 ./Middlewares/Third_Party/FreeRTOS/Source/tasks.o
 .text.prvInitialiseTaskLists
                0x0000000008008c90       0x80 ./Middlewares/Third_Party/FreeRTOS/Source/tasks.o
 .text.prvCheckTasksWaitingTermination
                0x0000000008008d10       0x5c ./Middlewares/Third_Party/FreeRTOS/Source/tasks.o
 .text.prvDeleteTCB
                0x0000000008008d6c       0x68 ./Middlewares/Third_Party/FreeRTOS/Source/tasks.o
 .text.prvResetNextTaskUnblockTime
                0x0000000008008dd4       0x48 ./Middlewares/Third_Party/FreeRTOS/Source/tasks.o
 .text.xTaskGetSchedulerState
                0x0000000008008e1c       0x3c ./Middlewares/Third_Party/FreeRTOS/Source/tasks.o
                0x0000000008008e1c                xTaskGetSchedulerState
 .text.xTaskPriorityInherit
                0x0000000008008e58       0xdc ./Middlewares/Third_Party/FreeRTOS/Source/tasks.o
                0x0000000008008e58                xTaskPriorityInherit
 .text.xTaskPriorityDisinherit
                0x0000000008008f34       0xdc ./Middlewares/Third_Party/FreeRTOS/Source/tasks.o
                0x0000000008008f34                xTaskPriorityDisinherit
 .text.vTaskPriorityDisinheritAfterTimeout
                0x0000000008009010      0x10c ./Middlewares/Third_Party/FreeRTOS/Source/tasks.o
                0x0000000008009010                vTaskPriorityDisinheritAfterTimeout
 .text.pvTaskIncrementMutexHeldCount
                0x000000000800911c       0x28 ./Middlewares/Third_Party/FreeRTOS/Source/tasks.o
                0x000000000800911c                pvTaskIncrementMutexHeldCount
 .text.prvAddCurrentTaskToDelayedList
                0x0000000008009144       0xa8 ./Middlewares/Third_Party/FreeRTOS/Source/tasks.o
 .text.xTimerCreateTimerTask
                0x00000000080091ec       0x90 ./Middlewares/Third_Party/FreeRTOS/Source/timers.o
                0x00000000080091ec                xTimerCreateTimerTask
 .text.xTimerGenericCommand
                0x000000000800927c       0x9c ./Middlewares/Third_Party/FreeRTOS/Source/timers.o
                0x000000000800927c                xTimerGenericCommand
 .text.prvProcessExpiredTimer
                0x0000000008009318       0x80 ./Middlewares/Third_Party/FreeRTOS/Source/timers.o
 .text.prvTimerTask
                0x0000000008009398       0x24 ./Middlewares/Third_Party/FreeRTOS/Source/timers.o
 .text.prvProcessTimerOrBlockTask
                0x00000000080093bc       0x9c ./Middlewares/Third_Party/FreeRTOS/Source/timers.o
 .text.prvGetNextExpireTime
                0x0000000008009458       0x48 ./Middlewares/Third_Party/FreeRTOS/Source/timers.o
 .text.prvSampleTimeNow
                0x00000000080094a0       0x40 ./Middlewares/Third_Party/FreeRTOS/Source/timers.o
 .text.prvInsertTimerInActiveList
                0x00000000080094e0       0x84 ./Middlewares/Third_Party/FreeRTOS/Source/timers.o
 .text.prvProcessReceivedCommands
                0x0000000008009564      0x168 ./Middlewares/Third_Party/FreeRTOS/Source/timers.o
 .text.prvSwitchTimerLists
                0x00000000080096cc       0xc4 ./Middlewares/Third_Party/FreeRTOS/Source/timers.o
 .text.prvCheckForValidListAndQueue
                0x0000000008009790       0x80 ./Middlewares/Third_Party/FreeRTOS/Source/timers.o
 .text.pxPortInitialiseStack
                0x0000000008009810       0x58 ./Middlewares/Third_Party/FreeRTOS/Source/portable/GCC/ARM_CM3/port.o
                0x0000000008009810                pxPortInitialiseStack
 .text.prvTaskExitError
                0x0000000008009868       0x58 ./Middlewares/Third_Party/FreeRTOS/Source/portable/GCC/ARM_CM3/port.o
 .text.SVC_Handler
                0x00000000080098c0       0x28 ./Middlewares/Third_Party/FreeRTOS/Source/portable/GCC/ARM_CM3/port.o
                0x00000000080098c0                SVC_Handler
 .text.prvPortStartFirstTask
                0x00000000080098e8       0x20 ./Middlewares/Third_Party/FreeRTOS/Source/portable/GCC/ARM_CM3/port.o
 .text.xPortStartScheduler
                0x0000000008009908       0xe4 ./Middlewares/Third_Party/FreeRTOS/Source/portable/GCC/ARM_CM3/port.o
                0x0000000008009908                xPortStartScheduler
 .text.vPortEnterCritical
                0x00000000080099ec       0x60 ./Middlewares/Third_Party/FreeRTOS/Source/portable/GCC/ARM_CM3/port.o
                0x00000000080099ec                vPortEnterCritical
 .text.vPortExitCritical
                0x0000000008009a4c       0x50 ./Middlewares/Third_Party/FreeRTOS/Source/portable/GCC/ARM_CM3/port.o
                0x0000000008009a4c                vPortExitCritical
 *fill*         0x0000000008009a9c        0x4 
 .text.PendSV_Handler
                0x0000000008009aa0       0x48 ./Middlewares/Third_Party/FreeRTOS/Source/portable/GCC/ARM_CM3/port.o
                0x0000000008009aa0                PendSV_Handler
 .text.SysTick_Handler
                0x0000000008009ae8       0x44 ./Middlewares/Third_Party/FreeRTOS/Source/portable/GCC/ARM_CM3/port.o
                0x0000000008009ae8                SysTick_Handler
 .text.vPortSetupTimerInterrupt
                0x0000000008009b2c       0x44 ./Middlewares/Third_Party/FreeRTOS/Source/portable/GCC/ARM_CM3/port.o
                0x0000000008009b2c                vPortSetupTimerInterrupt
 .text.vPortValidateInterruptPriority
                0x0000000008009b70       0x7c ./Middlewares/Third_Party/FreeRTOS/Source/portable/GCC/ARM_CM3/port.o
                0x0000000008009b70                vPortValidateInterruptPriority
 .text.pvPortMalloc
                0x0000000008009bec      0x188 ./Middlewares/Third_Party/FreeRTOS/Source/portable/MemMang/heap_4.o
                0x0000000008009bec                pvPortMalloc
 .text.vPortFree
                0x0000000008009d74       0xb4 ./Middlewares/Third_Party/FreeRTOS/Source/portable/MemMang/heap_4.o
                0x0000000008009d74                vPortFree
 .text.prvHeapInit
                0x0000000008009e28       0xc4 ./Middlewares/Third_Party/FreeRTOS/Source/portable/MemMang/heap_4.o
 .text.prvInsertBlockIntoFreeList
                0x0000000008009eec       0xb0 ./Middlewares/Third_Party/FreeRTOS/Source/portable/MemMang/heap_4.o
 .text.memset   0x0000000008009f9c       0x10 C:/ST/STM32CubeIDE_1.14.0/STM32CubeIDE/plugins/com.st.stm32cube.ide.mcu.externaltools.gnu-tools-for-stm32.11.3.rel1.win32_1.1.100.202309141235/tools/bin/../lib/gcc/arm-none-eabi/11.3.1/../../../../arm-none-eabi/lib/thumb/v7-m/nofp\libc_nano.a(libc_a-memset.o)
                0x0000000008009f9c                memset
 .text._reclaim_reent
                0x0000000008009fac       0xac C:/ST/STM32CubeIDE_1.14.0/STM32CubeIDE/plugins/com.st.stm32cube.ide.mcu.externaltools.gnu-tools-for-stm32.11.3.rel1.win32_1.1.100.202309141235/tools/bin/../lib/gcc/arm-none-eabi/11.3.1/../../../../arm-none-eabi/lib/thumb/v7-m/nofp\libc_nano.a(libc_a-reent.o)
                0x0000000008009fac                _reclaim_reent
 .text.__errno  0x000000000800a058        0xc C:/ST/STM32CubeIDE_1.14.0/STM32CubeIDE/plugins/com.st.stm32cube.ide.mcu.externaltools.gnu-tools-for-stm32.11.3.rel1.win32_1.1.100.202309141235/tools/bin/../lib/gcc/arm-none-eabi/11.3.1/../../../../arm-none-eabi/lib/thumb/v7-m/nofp\libc_nano.a(libc_a-errno.o)
                0x000000000800a058                __errno
 .text.__libc_init_array
                0x000000000800a064       0x48 C:/ST/STM32CubeIDE_1.14.0/STM32CubeIDE/plugins/com.st.stm32cube.ide.mcu.externaltools.gnu-tools-for-stm32.11.3.rel1.win32_1.1.100.202309141235/tools/bin/../lib/gcc/arm-none-eabi/11.3.1/../../../../arm-none-eabi/lib/thumb/v7-m/nofp\libc_nano.a(libc_a-init.o)
                0x000000000800a064                __libc_init_array
 .text.__retarget_lock_acquire_recursive
                0x000000000800a0ac        0x2 C:/ST/STM32CubeIDE_1.14.0/STM32CubeIDE/plugins/com.st.stm32cube.ide.mcu.externaltools.gnu-tools-for-stm32.11.3.rel1.win32_1.1.100.202309141235/tools/bin/../lib/gcc/arm-none-eabi/11.3.1/../../../../arm-none-eabi/lib/thumb/v7-m/nofp\libc_nano.a(libc_a-lock.o)
                0x000000000800a0ac                __retarget_lock_acquire_recursive
 .text.__retarget_lock_release_recursive
                0x000000000800a0ae        0x2 C:/ST/STM32CubeIDE_1.14.0/STM32CubeIDE/plugins/com.st.stm32cube.ide.mcu.externaltools.gnu-tools-for-stm32.11.3.rel1.win32_1.1.100.202309141235/tools/bin/../lib/gcc/arm-none-eabi/11.3.1/../../../../arm-none-eabi/lib/thumb/v7-m/nofp\libc_nano.a(libc_a-lock.o)
                0x000000000800a0ae                __retarget_lock_release_recursive
 .text.memcpy   0x000000000800a0b0       0x1c C:/ST/STM32CubeIDE_1.14.0/STM32CubeIDE/plugins/com.st.stm32cube.ide.mcu.externaltools.gnu-tools-for-stm32.11.3.rel1.win32_1.1.100.202309141235/tools/bin/../lib/gcc/arm-none-eabi/11.3.1/../../../../arm-none-eabi/lib/thumb/v7-m/nofp\libc_nano.a(libc_a-memcpy-stub.o)
                0x000000000800a0b0                memcpy
 .text._free_r  0x000000000800a0cc       0x90 C:/ST/STM32CubeIDE_1.14.0/STM32CubeIDE/plugins/com.st.stm32cube.ide.mcu.externaltools.gnu-tools-for-stm32.11.3.rel1.win32_1.1.100.202309141235/tools/bin/../lib/gcc/arm-none-eabi/11.3.1/../../../../arm-none-eabi/lib/thumb/v7-m/nofp\libc_nano.a(libc_a-freer.o)
                0x000000000800a0cc                _free_r
 .text.__malloc_lock
                0x000000000800a15c        0xc C:/ST/STM32CubeIDE_1.14.0/STM32CubeIDE/plugins/com.st.stm32cube.ide.mcu.externaltools.gnu-tools-for-stm32.11.3.rel1.win32_1.1.100.202309141235/tools/bin/../lib/gcc/arm-none-eabi/11.3.1/../../../../arm-none-eabi/lib/thumb/v7-m/nofp\libc_nano.a(libc_a-mlock.o)
                0x000000000800a15c                __malloc_lock
 .text.__malloc_unlock
                0x000000000800a168        0xc C:/ST/STM32CubeIDE_1.14.0/STM32CubeIDE/plugins/com.st.stm32cube.ide.mcu.externaltools.gnu-tools-for-stm32.11.3.rel1.win32_1.1.100.202309141235/tools/bin/../lib/gcc/arm-none-eabi/11.3.1/../../../../arm-none-eabi/lib/thumb/v7-m/nofp\libc_nano.a(libc_a-mlock.o)
                0x000000000800a168                __malloc_unlock
 .text.atan2    0x000000000800a174        0x4 C:/ST/STM32CubeIDE_1.14.0/STM32CubeIDE/plugins/com.st.stm32cube.ide.mcu.externaltools.gnu-tools-for-stm32.11.3.rel1.win32_1.1.100.202309141235/tools/bin/../lib/gcc/arm-none-eabi/11.3.1/../../../../arm-none-eabi/lib/thumb/v7-m/nofp\libm.a(libm_a-w_atan2.o)
                0x000000000800a174                atan2
 .text.hypot    0x000000000800a178       0x48 C:/ST/STM32CubeIDE_1.14.0/STM32CubeIDE/plugins/com.st.stm32cube.ide.mcu.externaltools.gnu-tools-for-stm32.11.3.rel1.win32_1.1.100.202309141235/tools/bin/../lib/gcc/arm-none-eabi/11.3.1/../../../../arm-none-eabi/lib/thumb/v7-m/nofp\libm.a(libm_a-w_hypot.o)
                0x000000000800a178                hypot
 .text.sqrt     0x000000000800a1c0       0x48 C:/ST/STM32CubeIDE_1.14.0/STM32CubeIDE/plugins/com.st.stm32cube.ide.mcu.externaltools.gnu-tools-for-stm32.11.3.rel1.win32_1.1.100.202309141235/tools/bin/../lib/gcc/arm-none-eabi/11.3.1/../../../../arm-none-eabi/lib/thumb/v7-m/nofp\libm.a(libm_a-w_sqrt.o)
                0x000000000800a1c0                sqrt
 .text.cos      0x000000000800a208       0x8c C:/ST/STM32CubeIDE_1.14.0/STM32CubeIDE/plugins/com.st.stm32cube.ide.mcu.externaltools.gnu-tools-for-stm32.11.3.rel1.win32_1.1.100.202309141235/tools/bin/../lib/gcc/arm-none-eabi/11.3.1/../../../../arm-none-eabi/lib/thumb/v7-m/nofp\libm.a(libm_a-s_cos.o)
                0x000000000800a208                cos
 .text.sin      0x000000000800a294       0x8c C:/ST/STM32CubeIDE_1.14.0/STM32CubeIDE/plugins/com.st.stm32cube.ide.mcu.externaltools.gnu-tools-for-stm32.11.3.rel1.win32_1.1.100.202309141235/tools/bin/../lib/gcc/arm-none-eabi/11.3.1/../../../../arm-none-eabi/lib/thumb/v7-m/nofp\libm.a(libm_a-s_sin.o)
                0x000000000800a294                sin
 .text.finite   0x000000000800a320        0xc C:/ST/STM32CubeIDE_1.14.0/STM32CubeIDE/plugins/com.st.stm32cube.ide.mcu.externaltools.gnu-tools-for-stm32.11.3.rel1.win32_1.1.100.202309141235/tools/bin/../lib/gcc/arm-none-eabi/11.3.1/../../../../arm-none-eabi/lib/thumb/v7-m/nofp\libm.a(libm_a-s_finite.o)
                0x000000000800a320                finite
 .text.__ieee754_sqrt
                0x000000000800a32c      0x1b0 C:/ST/STM32CubeIDE_1.14.0/STM32CubeIDE/plugins/com.st.stm32cube.ide.mcu.externaltools.gnu-tools-for-stm32.11.3.rel1.win32_1.1.100.202309141235/tools/bin/../lib/gcc/arm-none-eabi/11.3.1/../../../../arm-none-eabi/lib/thumb/v7-m/nofp\libm.a(libm_a-e_sqrt.o)
                0x000000000800a32c                __ieee754_sqrt
 *fill*         0x000000000800a4dc        0x4 
 .text.__kernel_cos
                0x000000000800a4e0      0x17c C:/ST/STM32CubeIDE_1.14.0/STM32CubeIDE/plugins/com.st.stm32cube.ide.mcu.externaltools.gnu-tools-for-stm32.11.3.rel1.win32_1.1.100.202309141235/tools/bin/../lib/gcc/arm-none-eabi/11.3.1/../../../../arm-none-eabi/lib/thumb/v7-m/nofp\libm.a(libm_a-k_cos.o)
                0x000000000800a4e0                __kernel_cos
 *fill*         0x000000000800a65c        0x4 
 .text.__kernel_sin
                0x000000000800a660      0x16c C:/ST/STM32CubeIDE_1.14.0/STM32CubeIDE/plugins/com.st.stm32cube.ide.mcu.externaltools.gnu-tools-for-stm32.11.3.rel1.win32_1.1.100.202309141235/tools/bin/../lib/gcc/arm-none-eabi/11.3.1/../../../../arm-none-eabi/lib/thumb/v7-m/nofp\libm.a(libm_a-k_sin.o)
                0x000000000800a660                __kernel_sin
 *fill*         0x000000000800a7cc        0x4 
 .text.__ieee754_atan2
                0x000000000800a7d0      0x19c C:/ST/STM32CubeIDE_1.14.0/STM32CubeIDE/plugins/com.st.stm32cube.ide.mcu.externaltools.gnu-tools-for-stm32.11.3.rel1.win32_1.1.100.202309141235/tools/bin/../lib/gcc/arm-none-eabi/11.3.1/../../../../arm-none-eabi/lib/thumb/v7-m/nofp\libm.a(libm_a-e_atan2.o)
                0x000000000800a7d0                __ieee754_atan2
 .text.__ieee754_hypot
                0x000000000800a96c      0x220 C:/ST/STM32CubeIDE_1.14.0/STM32CubeIDE/plugins/com.st.stm32cube.ide.mcu.externaltools.gnu-tools-for-stm32.11.3.rel1.win32_1.1.100.202309141235/tools/bin/../lib/gcc/arm-none-eabi/11.3.1/../../../../arm-none-eabi/lib/thumb/v7-m/nofp\libm.a(libm_a-e_hypot.o)
                0x000000000800a96c                __ieee754_hypot
 *fill*         0x000000000800ab8c        0x4 
 .text.__ieee754_rem_pio2
                0x000000000800ab90      0x3e8 C:/ST/STM32CubeIDE_1.14.0/STM32CubeIDE/plugins/com.st.stm32cube.ide.mcu.externaltools.gnu-tools-for-stm32.11.3.rel1.win32_1.1.100.202309141235/tools/bin/../lib/gcc/arm-none-eabi/11.3.1/../../../../arm-none-eabi/lib/thumb/v7-m/nofp\libm.a(libm_a-e_rem_pio2.o)
                0x000000000800ab90                __ieee754_rem_pio2
 .text.atan     0x000000000800af78      0x314 C:/ST/STM32CubeIDE_1.14.0/STM32CubeIDE/plugins/com.st.stm32cube.ide.mcu.externaltools.gnu-tools-for-stm32.11.3.rel1.win32_1.1.100.202309141235/tools/bin/../lib/gcc/arm-none-eabi/11.3.1/../../../../arm-none-eabi/lib/thumb/v7-m/nofp\libm.a(libm_a-s_atan.o)
                0x000000000800af78                atan
 .text.fabs     0x000000000800b28c        0x8 C:/ST/STM32CubeIDE_1.14.0/STM32CubeIDE/plugins/com.st.stm32cube.ide.mcu.externaltools.gnu-tools-for-stm32.11.3.rel1.win32_1.1.100.202309141235/tools/bin/../lib/gcc/arm-none-eabi/11.3.1/../../../../arm-none-eabi/lib/thumb/v7-m/nofp\libm.a(libm_a-s_fabs.o)
                0x000000000800b28c                fabs
 .text.__kernel_rem_pio2
                0x000000000800b294      0x680 C:/ST/STM32CubeIDE_1.14.0/STM32CubeIDE/plugins/com.st.stm32cube.ide.mcu.externaltools.gnu-tools-for-stm32.11.3.rel1.win32_1.1.100.202309141235/tools/bin/../lib/gcc/arm-none-eabi/11.3.1/../../../../arm-none-eabi/lib/thumb/v7-m/nofp\libm.a(libm_a-k_rem_pio2.o)
                0x000000000800b294                __kernel_rem_pio2
 *fill*         0x000000000800b914        0x4 
 .text.scalbn   0x000000000800b918       0xf4 C:/ST/STM32CubeIDE_1.14.0/STM32CubeIDE/plugins/com.st.stm32cube.ide.mcu.externaltools.gnu-tools-for-stm32.11.3.rel1.win32_1.1.100.202309141235/tools/bin/../lib/gcc/arm-none-eabi/11.3.1/../../../../arm-none-eabi/lib/thumb/v7-m/nofp\libm.a(libm_a-s_scalbn.o)
                0x000000000800b918                scalbn
 *fill*         0x000000000800ba0c        0x4 
 .text.floor    0x000000000800ba10      0x100 C:/ST/STM32CubeIDE_1.14.0/STM32CubeIDE/plugins/com.st.stm32cube.ide.mcu.externaltools.gnu-tools-for-stm32.11.3.rel1.win32_1.1.100.202309141235/tools/bin/../lib/gcc/arm-none-eabi/11.3.1/../../../../arm-none-eabi/lib/thumb/v7-m/nofp\libm.a(libm_a-s_floor.o)
                0x000000000800ba10                floor
 *(.glue_7)
 .glue_7        0x000000000800bb10        0x0 linker stubs
 *(.glue_7t)
 .glue_7t       0x000000000800bb10        0x0 linker stubs
 *(.eh_frame)
 .eh_frame      0x000000000800bb10        0x0 C:/ST/STM32CubeIDE_1.14.0/STM32CubeIDE/plugins/com.st.stm32cube.ide.mcu.externaltools.gnu-tools-for-stm32.11.3.rel1.win32_1.1.100.202309141235/tools/bin/../lib/gcc/arm-none-eabi/11.3.1/thumb/v7-m/nofp/crtbegin.o
 *(.init)
 .init          0x000000000800bb10        0x4 C:/ST/STM32CubeIDE_1.14.0/STM32CubeIDE/plugins/com.st.stm32cube.ide.mcu.externaltools.gnu-tools-for-stm32.11.3.rel1.win32_1.1.100.202309141235/tools/bin/../lib/gcc/arm-none-eabi/11.3.1/thumb/v7-m/nofp/crti.o
                0x000000000800bb10                _init
 .init          0x000000000800bb14        0x8 C:/ST/STM32CubeIDE_1.14.0/STM32CubeIDE/plugins/com.st.stm32cube.ide.mcu.externaltools.gnu-tools-for-stm32.11.3.rel1.win32_1.1.100.202309141235/tools/bin/../lib/gcc/arm-none-eabi/11.3.1/thumb/v7-m/nofp/crtn.o
 *(.fini)
 .fini          0x000000000800bb1c        0x4 C:/ST/STM32CubeIDE_1.14.0/STM32CubeIDE/plugins/com.st.stm32cube.ide.mcu.externaltools.gnu-tools-for-stm32.11.3.rel1.win32_1.1.100.202309141235/tools/bin/../lib/gcc/arm-none-eabi/11.3.1/thumb/v7-m/nofp/crti.o
                0x000000000800bb1c                _fini
 .fini          0x000000000800bb20        0x8 C:/ST/STM32CubeIDE_1.14.0/STM32CubeIDE/plugins/com.st.stm32cube.ide.mcu.externaltools.gnu-tools-for-stm32.11.3.rel1.win32_1.1.100.202309141235/tools/bin/../lib/gcc/arm-none-eabi/11.3.1/thumb/v7-m/nofp/crtn.o
                0x000000000800bb28                . = ALIGN (0x4)
                0x000000000800bb28                _etext = .

.vfp11_veneer   0x000000000800bb28        0x0
 .vfp11_veneer  0x000000000800bb28        0x0 linker stubs

.v4_bx          0x000000000800bb28        0x0
 .v4_bx         0x000000000800bb28        0x0 linker stubs

.iplt           0x000000000800bb28        0x0
 .iplt          0x000000000800bb28        0x0 C:/ST/STM32CubeIDE_1.14.0/STM32CubeIDE/plugins/com.st.stm32cube.ide.mcu.externaltools.gnu-tools-for-stm32.11.3.rel1.win32_1.1.100.202309141235/tools/bin/../lib/gcc/arm-none-eabi/11.3.1/thumb/v7-m/nofp/crtbegin.o

.rodata         0x000000000800bb28      0x348
                0x000000000800bb28                . = ALIGN (0x4)
 *(.rodata)
 .rodata        0x000000000800bb28       0x4c ./Core/Src/main.o
 .rodata        0x000000000800bb74        0x5 ./Middlewares/Third_Party/FreeRTOS/Source/tasks.o
 *fill*         0x000000000800bb79        0x3 
 .rodata        0x000000000800bb7c        0xd ./Middlewares/Third_Party/FreeRTOS/Source/timers.o
 *(.rodata*)
 *fill*         0x000000000800bb89        0x3 
 .rodata.positionSemaphore_attributes
                0x000000000800bb8c       0x10 ./Core/Src/main.o
                0x000000000800bb8c                positionSemaphore_attributes
 .rodata.uartQueue_attributes
                0x000000000800bb9c       0x18 ./Core/Src/main.o
                0x000000000800bb9c                uartQueue_attributes
 .rodata.UART_Task_attributes
                0x000000000800bbb4       0x24 ./Core/Src/main.o
                0x000000000800bbb4                UART_Task_attributes
 .rodata.Robot_Task_attributes
                0x000000000800bbd8       0x24 ./Core/Src/main.o
                0x000000000800bbd8                Robot_Task_attributes
 .rodata.AHBPrescTable
                0x000000000800bbfc       0x10 ./Core/Src/system_stm32f1xx.o
                0x000000000800bbfc                AHBPrescTable
 .rodata.APBPrescTable
                0x000000000800bc0c        0x8 ./Core/Src/system_stm32f1xx.o
                0x000000000800bc0c                APBPrescTable
 .rodata.aPLLMULFactorTable.1
                0x000000000800bc14       0x10 ./Drivers/STM32F1xx_HAL_Driver/Src/stm32f1xx_hal_rcc.o
 .rodata.aPredivFactorTable.0
                0x000000000800bc24        0x2 ./Drivers/STM32F1xx_HAL_Driver/Src/stm32f1xx_hal_rcc.o
 *fill*         0x000000000800bc26        0x2 
 .rodata.CSWTCH.8
                0x000000000800bc28       0x18 C:/ST/STM32CubeIDE_1.14.0/STM32CubeIDE/plugins/com.st.stm32cube.ide.mcu.externaltools.gnu-tools-for-stm32.11.3.rel1.win32_1.1.100.202309141235/tools/bin/../lib/gcc/arm-none-eabi/11.3.1/../../../../arm-none-eabi/lib/thumb/v7-m/nofp\libm.a(libm_a-e_atan2.o)
 .rodata.CSWTCH.9
                0x000000000800bc40       0x18 C:/ST/STM32CubeIDE_1.14.0/STM32CubeIDE/plugins/com.st.stm32cube.ide.mcu.externaltools.gnu-tools-for-stm32.11.3.rel1.win32_1.1.100.202309141235/tools/bin/../lib/gcc/arm-none-eabi/11.3.1/../../../../arm-none-eabi/lib/thumb/v7-m/nofp\libm.a(libm_a-e_atan2.o)
 .rodata.npio2_hw
                0x000000000800bc58       0x80 C:/ST/STM32CubeIDE_1.14.0/STM32CubeIDE/plugins/com.st.stm32cube.ide.mcu.externaltools.gnu-tools-for-stm32.11.3.rel1.win32_1.1.100.202309141235/tools/bin/../lib/gcc/arm-none-eabi/11.3.1/../../../../arm-none-eabi/lib/thumb/v7-m/nofp\libm.a(libm_a-e_rem_pio2.o)
 .rodata.two_over_pi
                0x000000000800bcd8      0x108 C:/ST/STM32CubeIDE_1.14.0/STM32CubeIDE/plugins/com.st.stm32cube.ide.mcu.externaltools.gnu-tools-for-stm32.11.3.rel1.win32_1.1.100.202309141235/tools/bin/../lib/gcc/arm-none-eabi/11.3.1/../../../../arm-none-eabi/lib/thumb/v7-m/nofp\libm.a(libm_a-e_rem_pio2.o)
 .rodata.atanhi
                0x000000000800bde0       0x20 C:/ST/STM32CubeIDE_1.14.0/STM32CubeIDE/plugins/com.st.stm32cube.ide.mcu.externaltools.gnu-tools-for-stm32.11.3.rel1.win32_1.1.100.202309141235/tools/bin/../lib/gcc/arm-none-eabi/11.3.1/../../../../arm-none-eabi/lib/thumb/v7-m/nofp\libm.a(libm_a-s_atan.o)
 .rodata.atanlo
                0x000000000800be00       0x20 C:/ST/STM32CubeIDE_1.14.0/STM32CubeIDE/plugins/com.st.stm32cube.ide.mcu.externaltools.gnu-tools-for-stm32.11.3.rel1.win32_1.1.100.202309141235/tools/bin/../lib/gcc/arm-none-eabi/11.3.1/../../../../arm-none-eabi/lib/thumb/v7-m/nofp\libm.a(libm_a-s_atan.o)
 .rodata.PIo2   0x000000000800be20       0x40 C:/ST/STM32CubeIDE_1.14.0/STM32CubeIDE/plugins/com.st.stm32cube.ide.mcu.externaltools.gnu-tools-for-stm32.11.3.rel1.win32_1.1.100.202309141235/tools/bin/../lib/gcc/arm-none-eabi/11.3.1/../../../../arm-none-eabi/lib/thumb/v7-m/nofp\libm.a(libm_a-k_rem_pio2.o)
 .rodata.init_jk
                0x000000000800be60       0x10 C:/ST/STM32CubeIDE_1.14.0/STM32CubeIDE/plugins/com.st.stm32cube.ide.mcu.externaltools.gnu-tools-for-stm32.11.3.rel1.win32_1.1.100.202309141235/tools/bin/../lib/gcc/arm-none-eabi/11.3.1/../../../../arm-none-eabi/lib/thumb/v7-m/nofp\libm.a(libm_a-k_rem_pio2.o)
                0x000000000800be70                . = ALIGN (0x4)

.rel.dyn        0x000000000800be70        0x0
 .rel.iplt      0x000000000800be70        0x0 C:/ST/STM32CubeIDE_1.14.0/STM32CubeIDE/plugins/com.st.stm32cube.ide.mcu.externaltools.gnu-tools-for-stm32.11.3.rel1.win32_1.1.100.202309141235/tools/bin/../lib/gcc/arm-none-eabi/11.3.1/thumb/v7-m/nofp/crtbegin.o

.ARM.extab      0x000000000800be70        0x0
                0x000000000800be70                . = ALIGN (0x4)
 *(.ARM.extab* .gnu.linkonce.armextab.*)
                0x000000000800be70                . = ALIGN (0x4)

.ARM            0x000000000800be70        0x0
                0x000000000800be70                . = ALIGN (0x4)
                0x000000000800be70                __exidx_start = .
 *(.ARM.exidx*)
                0x000000000800be70                __exidx_end = .
                0x000000000800be70                . = ALIGN (0x4)

.preinit_array  0x000000000800be70        0x0
                0x000000000800be70                . = ALIGN (0x4)
                0x000000000800be70                PROVIDE (__preinit_array_start = .)
 *(.preinit_array*)
                0x000000000800be70                PROVIDE (__preinit_array_end = .)
                0x000000000800be70                . = ALIGN (0x4)

.init_array     0x000000000800be70        0x4
                0x000000000800be70                . = ALIGN (0x4)
                0x000000000800be70                PROVIDE (__init_array_start = .)
 *(SORT_BY_NAME(.init_array.*))
 *(.init_array*)
 .init_array    0x000000000800be70        0x4 C:/ST/STM32CubeIDE_1.14.0/STM32CubeIDE/plugins/com.st.stm32cube.ide.mcu.externaltools.gnu-tools-for-stm32.11.3.rel1.win32_1.1.100.202309141235/tools/bin/../lib/gcc/arm-none-eabi/11.3.1/thumb/v7-m/nofp/crtbegin.o
                0x000000000800be74                PROVIDE (__init_array_end = .)
                0x000000000800be74                . = ALIGN (0x4)

.fini_array     0x000000000800be74        0x4
                0x000000000800be74                . = ALIGN (0x4)
                [!provide]                        PROVIDE (__fini_array_start = .)
 *(SORT_BY_NAME(.fini_array.*))
 *(.fini_array*)
 .fini_array    0x000000000800be74        0x4 C:/ST/STM32CubeIDE_1.14.0/STM32CubeIDE/plugins/com.st.stm32cube.ide.mcu.externaltools.gnu-tools-for-stm32.11.3.rel1.win32_1.1.100.202309141235/tools/bin/../lib/gcc/arm-none-eabi/11.3.1/thumb/v7-m/nofp/crtbegin.o
                [!provide]                        PROVIDE (__fini_array_end = .)
                0x000000000800be78                . = ALIGN (0x4)
                0x000000000800be78                _sidata = LOADADDR (.data)

.data           0x0000000020000000       0x80 load address 0x000000000800be78
                0x0000000020000000                . = ALIGN (0x4)
                0x0000000020000000                _sdata = .
 *(.data)
 *(.data*)
 .data.desired_position
                0x0000000020000000        0xc ./Core/Src/main.o
                0x0000000020000000                desired_position
 .data.SystemCoreClock
                0x000000002000000c        0x4 ./Core/Src/system_stm32f1xx.o
                0x000000002000000c                SystemCoreClock
 .data.uwTickPrio
                0x0000000020000010        0x4 ./Drivers/STM32F1xx_HAL_Driver/Src/stm32f1xx_hal.o
                0x0000000020000010                uwTickPrio
 .data.uwTickFreq
                0x0000000020000014        0x1 ./Drivers/STM32F1xx_HAL_Driver/Src/stm32f1xx_hal.o
                0x0000000020000014                uwTickFreq
 *fill*         0x0000000020000015        0x3 
 .data.uxCriticalNesting
                0x0000000020000018        0x4 ./Middlewares/Third_Party/FreeRTOS/Source/portable/GCC/ARM_CM3/port.o
 .data._impure_data
                0x000000002000001c       0x4c C:/ST/STM32CubeIDE_1.14.0/STM32CubeIDE/plugins/com.st.stm32cube.ide.mcu.externaltools.gnu-tools-for-stm32.11.3.rel1.win32_1.1.100.202309141235/tools/bin/../lib/gcc/arm-none-eabi/11.3.1/../../../../arm-none-eabi/lib/thumb/v7-m/nofp\libc_nano.a(libc_a-impure.o)
                0x000000002000001c                _impure_data
 .data._impure_ptr
                0x0000000020000068        0x4 C:/ST/STM32CubeIDE_1.14.0/STM32CubeIDE/plugins/com.st.stm32cube.ide.mcu.externaltools.gnu-tools-for-stm32.11.3.rel1.win32_1.1.100.202309141235/tools/bin/../lib/gcc/arm-none-eabi/11.3.1/../../../../arm-none-eabi/lib/thumb/v7-m/nofp\libc_nano.a(libc_a-impure.o)
                0x0000000020000068                _impure_ptr
 *fill*         0x000000002000006c        0x4 
 .data.one      0x0000000020000070        0x8 C:/ST/STM32CubeIDE_1.14.0/STM32CubeIDE/plugins/com.st.stm32cube.ide.mcu.externaltools.gnu-tools-for-stm32.11.3.rel1.win32_1.1.100.202309141235/tools/bin/../lib/gcc/arm-none-eabi/11.3.1/../../../../arm-none-eabi/lib/thumb/v7-m/nofp\libm.a(libm_a-e_sqrt.o)
 .data.tiny     0x0000000020000078        0x8 C:/ST/STM32CubeIDE_1.14.0/STM32CubeIDE/plugins/com.st.stm32cube.ide.mcu.externaltools.gnu-tools-for-stm32.11.3.rel1.win32_1.1.100.202309141235/tools/bin/../lib/gcc/arm-none-eabi/11.3.1/../../../../arm-none-eabi/lib/thumb/v7-m/nofp\libm.a(libm_a-e_sqrt.o)
 *(.RamFunc)
 *(.RamFunc*)
                0x0000000020000080                . = ALIGN (0x4)
                0x0000000020000080                _edata = .

.igot.plt       0x0000000020000080        0x0 load address 0x000000000800bef8
 .igot.plt      0x0000000020000080        0x0 C:/ST/STM32CubeIDE_1.14.0/STM32CubeIDE/plugins/com.st.stm32cube.ide.mcu.externaltools.gnu-tools-for-stm32.11.3.rel1.win32_1.1.100.202309141235/tools/bin/../lib/gcc/arm-none-eabi/11.3.1/thumb/v7-m/nofp/crtbegin.o
                0x0000000020000080                . = ALIGN (0x4)

.bss            0x0000000020000080     0x1ce8 load address 0x000000000800bef8
                0x0000000020000080                _sbss = .
                0x0000000020000080                __bss_start__ = _sbss
 *(.bss)
 .bss           0x0000000020000080       0x1c C:/ST/STM32CubeIDE_1.14.0/STM32CubeIDE/plugins/com.st.stm32cube.ide.mcu.externaltools.gnu-tools-for-stm32.11.3.rel1.win32_1.1.100.202309141235/tools/bin/../lib/gcc/arm-none-eabi/11.3.1/thumb/v7-m/nofp/crtbegin.o
 *(.bss*)
 .bss.rxBuffer  0x000000002000009c       0x10 ./Core/Src/main.o
                0x000000002000009c                rxBuffer
 .bss.frame     0x00000000200000ac        0xb ./Core/Src/main.o
                0x00000000200000ac                frame
 .bss.frameIndex
                0x00000000200000b7        0x1 ./Core/Src/main.o
                0x00000000200000b7                frameIndex
 .bss.frameReceived
                0x00000000200000b8        0x1 ./Core/Src/main.o
                0x00000000200000b8                frameReceived
 *fill*         0x00000000200000b9        0x3 
 .bss.active    0x00000000200000bc        0x4 ./Core/Src/main.o
                0x00000000200000bc                active
 .bss.position_received
                0x00000000200000c0        0x4 ./Core/Src/main.o
                0x00000000200000c0                position_received
 .bss.positionSemaphoreHandle
                0x00000000200000c4        0x4 ./Core/Src/main.o
                0x00000000200000c4                positionSemaphoreHandle
 .bss.uartQueueHandle
                0x00000000200000c8        0x4 ./Core/Src/main.o
                0x00000000200000c8                uartQueueHandle
 .bss.hi2c1     0x00000000200000cc       0x54 ./Core/Src/main.o
                0x00000000200000cc                hi2c1
 .bss.htim2     0x0000000020000120       0x48 ./Core/Src/main.o
                0x0000000020000120                htim2
 .bss.huart1    0x0000000020000168       0x48 ./Core/Src/main.o
                0x0000000020000168                huart1
 .bss.hdma_usart1_rx
                0x00000000200001b0       0x44 ./Core/Src/main.o
                0x00000000200001b0                hdma_usart1_rx
 .bss.UART_TaskHandle
                0x00000000200001f4        0x4 ./Core/Src/main.o
                0x00000000200001f4                UART_TaskHandle
 .bss.Robot_TaskHandle
                0x00000000200001f8        0x4 ./Core/Src/main.o
                0x00000000200001f8                Robot_TaskHandle
 .bss.htim3     0x00000000200001fc       0x48 ./Core/Src/stm32f1xx_hal_timebase_tim.o
                0x00000000200001fc                htim3
 .bss.uwTick    0x0000000020000244        0x4 ./Drivers/STM32F1xx_HAL_Driver/Src/stm32f1xx_hal.o
                0x0000000020000244                uwTick
 .bss.KernelState
                0x0000000020000248        0x4 ./Middlewares/Third_Party/FreeRTOS/Source/CMSIS_RTOS_V2/cmsis_os2.o
 .bss.Idle_TCB  0x000000002000024c       0xa8 ./Middlewares/Third_Party/FreeRTOS/Source/CMSIS_RTOS_V2/cmsis_os2.o
 .bss.Idle_Stack
                0x00000000200002f4      0x200 ./Middlewares/Third_Party/FreeRTOS/Source/CMSIS_RTOS_V2/cmsis_os2.o
 .bss.Timer_TCB
                0x00000000200004f4       0xa8 ./Middlewares/Third_Party/FreeRTOS/Source/CMSIS_RTOS_V2/cmsis_os2.o
 .bss.Timer_Stack
                0x000000002000059c      0x400 ./Middlewares/Third_Party/FreeRTOS/Source/CMSIS_RTOS_V2/cmsis_os2.o
 .bss.xQueueRegistry
                0x000000002000099c       0x40 ./Middlewares/Third_Party/FreeRTOS/Source/queue.o
                0x000000002000099c                xQueueRegistry
 .bss.pxCurrentTCB
                0x00000000200009dc        0x4 ./Middlewares/Third_Party/FreeRTOS/Source/tasks.o
                0x00000000200009dc                pxCurrentTCB
 .bss.pxReadyTasksLists
                0x00000000200009e0      0x460 ./Middlewares/Third_Party/FreeRTOS/Source/tasks.o
 .bss.xDelayedTaskList1
                0x0000000020000e40       0x14 ./Middlewares/Third_Party/FreeRTOS/Source/tasks.o
 .bss.xDelayedTaskList2
                0x0000000020000e54       0x14 ./Middlewares/Third_Party/FreeRTOS/Source/tasks.o
 .bss.pxDelayedTaskList
                0x0000000020000e68        0x4 ./Middlewares/Third_Party/FreeRTOS/Source/tasks.o
 .bss.pxOverflowDelayedTaskList
                0x0000000020000e6c        0x4 ./Middlewares/Third_Party/FreeRTOS/Source/tasks.o
 .bss.xPendingReadyList
                0x0000000020000e70       0x14 ./Middlewares/Third_Party/FreeRTOS/Source/tasks.o
 .bss.xTasksWaitingTermination
                0x0000000020000e84       0x14 ./Middlewares/Third_Party/FreeRTOS/Source/tasks.o
 .bss.uxDeletedTasksWaitingCleanUp
                0x0000000020000e98        0x4 ./Middlewares/Third_Party/FreeRTOS/Source/tasks.o
 .bss.xSuspendedTaskList
                0x0000000020000e9c       0x14 ./Middlewares/Third_Party/FreeRTOS/Source/tasks.o
 .bss.uxCurrentNumberOfTasks
                0x0000000020000eb0        0x4 ./Middlewares/Third_Party/FreeRTOS/Source/tasks.o
 .bss.xTickCount
                0x0000000020000eb4        0x4 ./Middlewares/Third_Party/FreeRTOS/Source/tasks.o
 .bss.uxTopReadyPriority
                0x0000000020000eb8        0x4 ./Middlewares/Third_Party/FreeRTOS/Source/tasks.o
 .bss.xSchedulerRunning
                0x0000000020000ebc        0x4 ./Middlewares/Third_Party/FreeRTOS/Source/tasks.o
 .bss.uxPendedTicks
                0x0000000020000ec0        0x4 ./Middlewares/Third_Party/FreeRTOS/Source/tasks.o
 .bss.xYieldPending
                0x0000000020000ec4        0x4 ./Middlewares/Third_Party/FreeRTOS/Source/tasks.o
 .bss.xNumOfOverflows
                0x0000000020000ec8        0x4 ./Middlewares/Third_Party/FreeRTOS/Source/tasks.o
 .bss.uxTaskNumber
                0x0000000020000ecc        0x4 ./Middlewares/Third_Party/FreeRTOS/Source/tasks.o
 .bss.xNextTaskUnblockTime
                0x0000000020000ed0        0x4 ./Middlewares/Third_Party/FreeRTOS/Source/tasks.o
 .bss.xIdleTaskHandle
                0x0000000020000ed4        0x4 ./Middlewares/Third_Party/FreeRTOS/Source/tasks.o
 .bss.uxSchedulerSuspended
                0x0000000020000ed8        0x4 ./Middlewares/Third_Party/FreeRTOS/Source/tasks.o
 .bss.xActiveTimerList1
                0x0000000020000edc       0x14 ./Middlewares/Third_Party/FreeRTOS/Source/timers.o
 .bss.xActiveTimerList2
                0x0000000020000ef0       0x14 ./Middlewares/Third_Party/FreeRTOS/Source/timers.o
 .bss.pxCurrentTimerList
                0x0000000020000f04        0x4 ./Middlewares/Third_Party/FreeRTOS/Source/timers.o
 .bss.pxOverflowTimerList
                0x0000000020000f08        0x4 ./Middlewares/Third_Party/FreeRTOS/Source/timers.o
 .bss.xTimerQueue
                0x0000000020000f0c        0x4 ./Middlewares/Third_Party/FreeRTOS/Source/timers.o
 .bss.xTimerTaskHandle
                0x0000000020000f10        0x4 ./Middlewares/Third_Party/FreeRTOS/Source/timers.o
 .bss.xLastTime.2
                0x0000000020000f14        0x4 ./Middlewares/Third_Party/FreeRTOS/Source/timers.o
 .bss.ucStaticTimerQueueStorage.1
                0x0000000020000f18       0xa0 ./Middlewares/Third_Party/FreeRTOS/Source/timers.o
 .bss.xStaticTimerQueue.0
                0x0000000020000fb8       0x50 ./Middlewares/Third_Party/FreeRTOS/Source/timers.o
 .bss.ucMaxSysCallPriority
                0x0000000020001008        0x1 ./Middlewares/Third_Party/FreeRTOS/Source/portable/GCC/ARM_CM3/port.o
 *fill*         0x0000000020001009        0x3 
 .bss.ulMaxPRIGROUPValue
                0x000000002000100c        0x4 ./Middlewares/Third_Party/FreeRTOS/Source/portable/GCC/ARM_CM3/port.o
 .bss.ucHeap    0x0000000020001010      0xc00 ./Middlewares/Third_Party/FreeRTOS/Source/portable/MemMang/heap_4.o
 .bss.xStart    0x0000000020001c10        0x8 ./Middlewares/Third_Party/FreeRTOS/Source/portable/MemMang/heap_4.o
 .bss.pxEnd     0x0000000020001c18        0x4 ./Middlewares/Third_Party/FreeRTOS/Source/portable/MemMang/heap_4.o
 .bss.xFreeBytesRemaining
                0x0000000020001c1c        0x4 ./Middlewares/Third_Party/FreeRTOS/Source/portable/MemMang/heap_4.o
 .bss.xMinimumEverFreeBytesRemaining
                0x0000000020001c20        0x4 ./Middlewares/Third_Party/FreeRTOS/Source/portable/MemMang/heap_4.o
 .bss.xBlockAllocatedBit
                0x0000000020001c24        0x4 ./Middlewares/Third_Party/FreeRTOS/Source/portable/MemMang/heap_4.o
 .bss.__sf      0x0000000020001c28      0x138 C:/ST/STM32CubeIDE_1.14.0/STM32CubeIDE/plugins/com.st.stm32cube.ide.mcu.externaltools.gnu-tools-for-stm32.11.3.rel1.win32_1.1.100.202309141235/tools/bin/../lib/gcc/arm-none-eabi/11.3.1/../../../../arm-none-eabi/lib/thumb/v7-m/nofp\libc_nano.a(libc_a-findfp.o)
                0x0000000020001c28                __sf
 .bss.__lock___malloc_recursive_mutex
                0x0000000020001d60        0x1 C:/ST/STM32CubeIDE_1.14.0/STM32CubeIDE/plugins/com.st.stm32cube.ide.mcu.externaltools.gnu-tools-for-stm32.11.3.rel1.win32_1.1.100.202309141235/tools/bin/../lib/gcc/arm-none-eabi/11.3.1/../../../../arm-none-eabi/lib/thumb/v7-m/nofp\libc_nano.a(libc_a-lock.o)
                0x0000000020001d60                __lock___malloc_recursive_mutex
 *fill*         0x0000000020001d61        0x3 
 .bss.__malloc_free_list
                0x0000000020001d64        0x4 C:/ST/STM32CubeIDE_1.14.0/STM32CubeIDE/plugins/com.st.stm32cube.ide.mcu.externaltools.gnu-tools-for-stm32.11.3.rel1.win32_1.1.100.202309141235/tools/bin/../lib/gcc/arm-none-eabi/11.3.1/../../../../arm-none-eabi/lib/thumb/v7-m/nofp\libc_nano.a(libc_a-mallocr.o)
                0x0000000020001d64                __malloc_free_list
 *(COMMON)
                0x0000000020001d68                . = ALIGN (0x4)
                0x0000000020001d68                _ebss = .
                0x0000000020001d68                __bss_end__ = _ebss

._user_heap_stack
                0x0000000020001d68      0x600 load address 0x000000000800bef8
                0x0000000020001d68                . = ALIGN (0x8)
                [!provide]                        PROVIDE (end = .)
                0x0000000020001d68                PROVIDE (_end = .)
                0x0000000020001f68                . = (. + _Min_Heap_Size)
 *fill*         0x0000000020001d68      0x200 
                0x0000000020002368                . = (. + _Min_Stack_Size)
 *fill*         0x0000000020001f68      0x400 
                0x0000000020002368                . = ALIGN (0x8)

/DISCARD/
 libc.a(*)
 libm.a(*)
 libgcc.a(*)

.ARM.attributes
                0x0000000000000000       0x29
 *(.ARM.attributes)
 .ARM.attributes
                0x0000000000000000       0x1d C:/ST/STM32CubeIDE_1.14.0/STM32CubeIDE/plugins/com.st.stm32cube.ide.mcu.externaltools.gnu-tools-for-stm32.11.3.rel1.win32_1.1.100.202309141235/tools/bin/../lib/gcc/arm-none-eabi/11.3.1/thumb/v7-m/nofp/crti.o
 .ARM.attributes
                0x000000000000001d       0x2d C:/ST/STM32CubeIDE_1.14.0/STM32CubeIDE/plugins/com.st.stm32cube.ide.mcu.externaltools.gnu-tools-for-stm32.11.3.rel1.win32_1.1.100.202309141235/tools/bin/../lib/gcc/arm-none-eabi/11.3.1/thumb/v7-m/nofp/crtbegin.o
 .ARM.attributes
                0x000000000000004a       0x2d ./Core/Src/LSPB.o
 .ARM.attributes
                0x0000000000000077       0x2d ./Core/Src/inverse_kinematics.o
 .ARM.attributes
                0x00000000000000a4       0x2d ./Core/Src/main.o
 .ARM.attributes
                0x00000000000000d1       0x2d ./Core/Src/pca9685.o
 .ARM.attributes
                0x00000000000000fe       0x2d ./Core/Src/pid.o
 .ARM.attributes
                0x000000000000012b       0x2d ./Core/Src/stm32f1xx_hal_msp.o
 .ARM.attributes
                0x0000000000000158       0x2d ./Core/Src/stm32f1xx_hal_timebase_tim.o
 .ARM.attributes
                0x0000000000000185       0x2d ./Core/Src/stm32f1xx_it.o
 .ARM.attributes
                0x00000000000001b2       0x2d ./Core/Src/system_stm32f1xx.o
 .ARM.attributes
                0x00000000000001df       0x21 ./Core/Startup/startup_stm32f103c8tx.o
 .ARM.attributes
                0x0000000000000200       0x2d ./Drivers/STM32F1xx_HAL_Driver/Src/stm32f1xx_hal.o
 .ARM.attributes
                0x000000000000022d       0x2d ./Drivers/STM32F1xx_HAL_Driver/Src/stm32f1xx_hal_cortex.o
 .ARM.attributes
                0x000000000000025a       0x2d ./Drivers/STM32F1xx_HAL_Driver/Src/stm32f1xx_hal_dma.o
 .ARM.attributes
                0x0000000000000287       0x2d ./Drivers/STM32F1xx_HAL_Driver/Src/stm32f1xx_hal_gpio.o
 .ARM.attributes
                0x00000000000002b4       0x2d ./Drivers/STM32F1xx_HAL_Driver/Src/stm32f1xx_hal_i2c.o
 .ARM.attributes
                0x00000000000002e1       0x2d ./Drivers/STM32F1xx_HAL_Driver/Src/stm32f1xx_hal_rcc.o
 .ARM.attributes
                0x000000000000030e       0x2d ./Drivers/STM32F1xx_HAL_Driver/Src/stm32f1xx_hal_tim.o
 .ARM.attributes
                0x000000000000033b       0x2d ./Drivers/STM32F1xx_HAL_Driver/Src/stm32f1xx_hal_tim_ex.o
 .ARM.attributes
                0x0000000000000368       0x2d ./Drivers/STM32F1xx_HAL_Driver/Src/stm32f1xx_hal_uart.o
 .ARM.attributes
                0x0000000000000395       0x2d ./Middlewares/Third_Party/FreeRTOS/Source/CMSIS_RTOS_V2/cmsis_os2.o
 .ARM.attributes
                0x00000000000003c2       0x2d ./Middlewares/Third_Party/FreeRTOS/Source/list.o
 .ARM.attributes
                0x00000000000003ef       0x2d ./Middlewares/Third_Party/FreeRTOS/Source/queue.o
 .ARM.attributes
                0x000000000000041c       0x2d ./Middlewares/Third_Party/FreeRTOS/Source/tasks.o
 .ARM.attributes
                0x0000000000000449       0x2d ./Middlewares/Third_Party/FreeRTOS/Source/timers.o
 .ARM.attributes
                0x0000000000000476       0x2d ./Middlewares/Third_Party/FreeRTOS/Source/portable/GCC/ARM_CM3/port.o
 .ARM.attributes
                0x00000000000004a3       0x2d ./Middlewares/Third_Party/FreeRTOS/Source/portable/MemMang/heap_4.o
 .ARM.attributes
                0x00000000000004d0       0x2d C:/ST/STM32CubeIDE_1.14.0/STM32CubeIDE/plugins/com.st.stm32cube.ide.mcu.externaltools.gnu-tools-for-stm32.11.3.rel1.win32_1.1.100.202309141235/tools/bin/../lib/gcc/arm-none-eabi/11.3.1/../../../../arm-none-eabi/lib/thumb/v7-m/nofp\libc_nano.a(libc_a-findfp.o)
 .ARM.attributes
                0x00000000000004fd       0x2d C:/ST/STM32CubeIDE_1.14.0/STM32CubeIDE/plugins/com.st.stm32cube.ide.mcu.externaltools.gnu-tools-for-stm32.11.3.rel1.win32_1.1.100.202309141235/tools/bin/../lib/gcc/arm-none-eabi/11.3.1/../../../../arm-none-eabi/lib/thumb/v7-m/nofp\libc_nano.a(libc_a-memset.o)
 .ARM.attributes
                0x000000000000052a       0x2d C:/ST/STM32CubeIDE_1.14.0/STM32CubeIDE/plugins/com.st.stm32cube.ide.mcu.externaltools.gnu-tools-for-stm32.11.3.rel1.win32_1.1.100.202309141235/tools/bin/../lib/gcc/arm-none-eabi/11.3.1/../../../../arm-none-eabi/lib/thumb/v7-m/nofp\libc_nano.a(libc_a-reent.o)
 .ARM.attributes
                0x0000000000000557       0x2d C:/ST/STM32CubeIDE_1.14.0/STM32CubeIDE/plugins/com.st.stm32cube.ide.mcu.externaltools.gnu-tools-for-stm32.11.3.rel1.win32_1.1.100.202309141235/tools/bin/../lib/gcc/arm-none-eabi/11.3.1/../../../../arm-none-eabi/lib/thumb/v7-m/nofp\libc_nano.a(libc_a-impure.o)
 .ARM.attributes
                0x0000000000000584       0x2d C:/ST/STM32CubeIDE_1.14.0/STM32CubeIDE/plugins/com.st.stm32cube.ide.mcu.externaltools.gnu-tools-for-stm32.11.3.rel1.win32_1.1.100.202309141235/tools/bin/../lib/gcc/arm-none-eabi/11.3.1/../../../../arm-none-eabi/lib/thumb/v7-m/nofp\libc_nano.a(libc_a-errno.o)
 .ARM.attributes
                0x00000000000005b1       0x2d C:/ST/STM32CubeIDE_1.14.0/STM32CubeIDE/plugins/com.st.stm32cube.ide.mcu.externaltools.gnu-tools-for-stm32.11.3.rel1.win32_1.1.100.202309141235/tools/bin/../lib/gcc/arm-none-eabi/11.3.1/../../../../arm-none-eabi/lib/thumb/v7-m/nofp\libc_nano.a(libc_a-init.o)
 .ARM.attributes
                0x00000000000005de       0x2d C:/ST/STM32CubeIDE_1.14.0/STM32CubeIDE/plugins/com.st.stm32cube.ide.mcu.externaltools.gnu-tools-for-stm32.11.3.rel1.win32_1.1.100.202309141235/tools/bin/../lib/gcc/arm-none-eabi/11.3.1/../../../../arm-none-eabi/lib/thumb/v7-m/nofp\libc_nano.a(libc_a-lock.o)
 .ARM.attributes
                0x000000000000060b       0x2d C:/ST/STM32CubeIDE_1.14.0/STM32CubeIDE/plugins/com.st.stm32cube.ide.mcu.externaltools.gnu-tools-for-stm32.11.3.rel1.win32_1.1.100.202309141235/tools/bin/../lib/gcc/arm-none-eabi/11.3.1/../../../../arm-none-eabi/lib/thumb/v7-m/nofp\libc_nano.a(libc_a-memcpy-stub.o)
 .ARM.attributes
                0x0000000000000638       0x2d C:/ST/STM32CubeIDE_1.14.0/STM32CubeIDE/plugins/com.st.stm32cube.ide.mcu.externaltools.gnu-tools-for-stm32.11.3.rel1.win32_1.1.100.202309141235/tools/bin/../lib/gcc/arm-none-eabi/11.3.1/../../../../arm-none-eabi/lib/thumb/v7-m/nofp\libc_nano.a(libc_a-freer.o)
 .ARM.attributes