../Core/Src/main.c:126:7:rad2deg	16	static
../Core/Src/main.c:130:6:convertThetaArrayToDegrees	32	static
../Core/Src/main.c:138:7:angleToPWM	24	static
../Core/Src/main.c:144:7:PWMToAngle	24	static
../Core/Src/main.c:150:6:control	96	static
../Core/Src/main.c:245:6:control_back	96	static
../Core/Src/main.c:340:6:calculate_vmax	40	static
../Core/Src/main.c:349:6:swap_bytes	32	static
../Core/Src/main.c:358:6:SendRequest	24	static
../Core/Src/main.c:373:6:HAL_UART_RxCpltCallback	16	static
../Core/Src/main.c:387:6:processData	16	static
../Core/Src/main.c:431:6:handleFrame	40	static
../Core/Src/main.c:530:6:drop_object	8	static
../Core/Src/main.c:535:6:grasp_object	8	static
../Core/Src/main.c:546:5:main	8	static
../Core/Src/main.c:640:6:SystemClock_Config	72	static
../Core/Src/main.c:680:13:MX_I2C1_Init	8	static
../Core/Src/main.c:714:13:MX_TIM2_Init	32	static
../Core/Src/main.c:759:13:MX_USART1_UART_Init	8	static
../Core/Src/main.c:790:13:MX_DMA_Init	16	static
../Core/Src/main.c:808:13:MX_GPIO_Init	40	static
../Core/Src/main.c:844:6:UART_Task_Init	16	static
../Core/Src/main.c:874:6:Robot_Task_Init	384	static
../Core/Src/main.c:944:6:HAL_TIM_PeriodElapsedCallback	16	static
../Core/Src/main.c:961:6:Error_Handler	4	static,ignoring_inline_asm
